Archive member included to satisfy reference by file (symbol)

c:/st/stm32cubeide_1.4.0/stm32cubeide/plugins/com.st.stm32cube.ide.mcu.externaltools.gnu-tools-for-stm32.7-2018-q2-update.win32_1.4.0.202007081208/tools/bin/../lib/gcc/arm-none-eabi/7.3.1/../../../../arm-none-eabi/lib/thumb/v7-m\libc_nano.a(lib_a-errno.o)
                              Src/syscalls.o (__errno)
c:/st/stm32cubeide_1.4.0/stm32cubeide/plugins/com.st.stm32cube.ide.mcu.externaltools.gnu-tools-for-stm32.7-2018-q2-update.win32_1.4.0.202007081208/tools/bin/../lib/gcc/arm-none-eabi/7.3.1/../../../../arm-none-eabi/lib/thumb/v7-m\libc_nano.a(lib_a-exit.o)
                              c:/st/stm32cubeide_1.4.0/stm32cubeide/plugins/com.st.stm32cube.ide.mcu.externaltools.gnu-tools-for-stm32.7-2018-q2-update.win32_1.4.0.202007081208/tools/bin/../lib/gcc/arm-none-eabi/7.3.1/../../../../arm-none-eabi/lib/thumb/v7-m/crt0.o (exit)
c:/st/stm32cubeide_1.4.0/stm32cubeide/plugins/com.st.stm32cube.ide.mcu.externaltools.gnu-tools-for-stm32.7-2018-q2-update.win32_1.4.0.202007081208/tools/bin/../lib/gcc/arm-none-eabi/7.3.1/../../../../arm-none-eabi/lib/thumb/v7-m\libc_nano.a(lib_a-impure.o)
                              c:/st/stm32cubeide_1.4.0/stm32cubeide/plugins/com.st.stm32cube.ide.mcu.externaltools.gnu-tools-for-stm32.7-2018-q2-update.win32_1.4.0.202007081208/tools/bin/../lib/gcc/arm-none-eabi/7.3.1/../../../../arm-none-eabi/lib/thumb/v7-m\libc_nano.a(lib_a-exit.o) (_global_impure_ptr)
c:/st/stm32cubeide_1.4.0/stm32cubeide/plugins/com.st.stm32cube.ide.mcu.externaltools.gnu-tools-for-stm32.7-2018-q2-update.win32_1.4.0.202007081208/tools/bin/../lib/gcc/arm-none-eabi/7.3.1/../../../../arm-none-eabi/lib/thumb/v7-m\libc_nano.a(lib_a-init.o)
                              c:/st/stm32cubeide_1.4.0/stm32cubeide/plugins/com.st.stm32cube.ide.mcu.externaltools.gnu-tools-for-stm32.7-2018-q2-update.win32_1.4.0.202007081208/tools/bin/../lib/gcc/arm-none-eabi/7.3.1/../../../../arm-none-eabi/lib/thumb/v7-m/crt0.o (__libc_init_array)
c:/st/stm32cubeide_1.4.0/stm32cubeide/plugins/com.st.stm32cube.ide.mcu.externaltools.gnu-tools-for-stm32.7-2018-q2-update.win32_1.4.0.202007081208/tools/bin/../lib/gcc/arm-none-eabi/7.3.1/../../../../arm-none-eabi/lib/thumb/v7-m\libc_nano.a(lib_a-memset.o)
                              c:/st/stm32cubeide_1.4.0/stm32cubeide/plugins/com.st.stm32cube.ide.mcu.externaltools.gnu-tools-for-stm32.7-2018-q2-update.win32_1.4.0.202007081208/tools/bin/../lib/gcc/arm-none-eabi/7.3.1/../../../../arm-none-eabi/lib/thumb/v7-m/crt0.o (memset)
c:/st/stm32cubeide_1.4.0/stm32cubeide/plugins/com.st.stm32cube.ide.mcu.externaltools.gnu-tools-for-stm32.7-2018-q2-update.win32_1.4.0.202007081208/tools/bin/../lib/gcc/arm-none-eabi/7.3.1/../../../../arm-none-eabi/lib/thumb/v7-m\libc_nano.a(lib_a-sprintf.o)
                              HAL/LCD_DRIVER/Lcd.o (sprintf)
c:/st/stm32cubeide_1.4.0/stm32cubeide/plugins/com.st.stm32cube.ide.mcu.externaltools.gnu-tools-for-stm32.7-2018-q2-update.win32_1.4.0.202007081208/tools/bin/../lib/gcc/arm-none-eabi/7.3.1/../../../../arm-none-eabi/lib/thumb/v7-m\libc_nano.a(lib_a-nano-svfprintf.o)
                              c:/st/stm32cubeide_1.4.0/stm32cubeide/plugins/com.st.stm32cube.ide.mcu.externaltools.gnu-tools-for-stm32.7-2018-q2-update.win32_1.4.0.202007081208/tools/bin/../lib/gcc/arm-none-eabi/7.3.1/../../../../arm-none-eabi/lib/thumb/v7-m\libc_nano.a(lib_a-sprintf.o) (_svfprintf_r)
c:/st/stm32cubeide_1.4.0/stm32cubeide/plugins/com.st.stm32cube.ide.mcu.externaltools.gnu-tools-for-stm32.7-2018-q2-update.win32_1.4.0.202007081208/tools/bin/../lib/gcc/arm-none-eabi/7.3.1/../../../../arm-none-eabi/lib/thumb/v7-m\libc_nano.a(lib_a-nano-vfprintf_i.o)
                              c:/st/stm32cubeide_1.4.0/stm32cubeide/plugins/com.st.stm32cube.ide.mcu.externaltools.gnu-tools-for-stm32.7-2018-q2-update.win32_1.4.0.202007081208/tools/bin/../lib/gcc/arm-none-eabi/7.3.1/../../../../arm-none-eabi/lib/thumb/v7-m\libc_nano.a(lib_a-nano-svfprintf.o) (_printf_i)
c:/st/stm32cubeide_1.4.0/stm32cubeide/plugins/com.st.stm32cube.ide.mcu.externaltools.gnu-tools-for-stm32.7-2018-q2-update.win32_1.4.0.202007081208/tools/bin/../lib/gcc/arm-none-eabi/7.3.1/../../../../arm-none-eabi/lib/thumb/v7-m\libc_nano.a(lib_a-memchr-stub.o)
                              c:/st/stm32cubeide_1.4.0/stm32cubeide/plugins/com.st.stm32cube.ide.mcu.externaltools.gnu-tools-for-stm32.7-2018-q2-update.win32_1.4.0.202007081208/tools/bin/../lib/gcc/arm-none-eabi/7.3.1/../../../../arm-none-eabi/lib/thumb/v7-m\libc_nano.a(lib_a-nano-svfprintf.o) (memchr)
c:/st/stm32cubeide_1.4.0/stm32cubeide/plugins/com.st.stm32cube.ide.mcu.externaltools.gnu-tools-for-stm32.7-2018-q2-update.win32_1.4.0.202007081208/tools/bin/../lib/gcc/arm-none-eabi/7.3.1/../../../../arm-none-eabi/lib/thumb/v7-m\libc_nano.a(lib_a-memcpy-stub.o)
[...]
Memory Configuration

Name             Origin             Length             Attributes
RAM              0x0000000020000000 0x0000000000002800 xrw
ROM              0x0000000008000000 0x0000000000008000 xr
*default*        0x0000000000000000 0xffffffffffffffff

Linker script and memory map

LOAD c:/st/stm32cubeide_1.4.0/stm32cubeide/plugins/com.st.stm32cube.ide.mcu.externaltools.gnu-tools-for-stm32.7-2018-q2-update.win32_1.4.0.202007081208/tools/bin/../lib/gcc/arm-none-eabi/7.3.1/thumb/v7-m/crti.o
LOAD c:/st/stm32cubeide_1.4.0/stm32cubeide/plugins/com.st.stm32cube.ide.mcu.externaltools.gnu-tools-for-stm32.7-2018-q2-update.win32_1.4.0.202007081208/tools/bin/../lib/gcc/arm-none-eabi/7.3.1/thumb/v7-m/crtbegin.o
LOAD c:/st/stm32cubeide_1.4.0/stm32cubeide/plugins/com.st.stm32cube.ide.mcu.externaltools.gnu-tools-for-stm32.7-2018-q2-update.win32_1.4.0.202007081208/tools/bin/../lib/gcc/arm-none-eabi/7.3.1/../../../../arm-none-eabi/lib/thumb/v7-m/crt0.o
LOAD APP/App.o
LOAD HAL/EEPROM_DRIVER/I2C_Slave_EEPROM.o
LOAD HAL/KEYPAD_DRIVER/KeyPad.o
LOAD HAL/LCD_DRIVER/Lcd.o
LOAD HAL/Seven_Segment_DRIVER/Seven_Segment.o
LOAD Src/main.o
LOAD Src/syscalls.o
LOAD Src/sysmem.o
LOAD Startup/startup_stm32f103c6tx.o
LOAD Stm32_F103C6_Drivers/MCAL/EXTI_DRIVER/EXTI.o
LOAD Stm32_F103C6_Drivers/MCAL/GPIO_DRIVER/GPIO.o
LOAD Stm32_F103C6_Drivers/MCAL/I2C_DRIVER/I2C.o
LOAD Stm32_F103C6_Drivers/MCAL/RCC_DRIVER/RCC.o
LOAD Stm32_F103C6_Drivers/MCAL/SPI_DRIVER/SPI.o
LOAD Stm32_F103C6_Drivers/MCAL/USART_DRIVER/USART.o
START GROUP
LOAD c:/st/stm32cubeide_1.4.0/stm32cubeide/plugins/com.st.stm32cube.ide.mcu.externaltools.gnu-tools-for-stm32.7-2018-q2-update.win32_1.4.0.202007081208/tools/bin/../lib/gcc/arm-none-eabi/7.3.1/../../../../arm-none-eabi/lib/thumb/v7-m\libc_nano.a
LOAD c:/st/stm32cubeide_1.4.0/stm32cubeide/plugins/com.st.stm32cube.ide.mcu.externaltools.gnu-tools-for-stm32.7-2018-q2-update.win32_1.4.0.202007081208/tools/bin/../lib/gcc/arm-none-eabi/7.3.1/../../../../arm-none-eabi/lib/thumb/v7-m\libm.a
END GROUP
START GROUP
LOAD c:/st/stm32cubeide_1.4.0/stm32cubeide/plugins/com.st.stm32cube.ide.mcu.externaltools.gnu-tools-for-stm32.7-2018-q2-update.win32_1.4.0.202007081208/tools/bin/../lib/gcc/arm-none-eabi/7.3.1/thumb/v7-m\libgcc.a
LOAD c:/st/stm32cubeide_1.4.0/stm32cubeide/plugins/com.st.stm32cube.ide.mcu.externaltools.gnu-tools-for-stm32.7-2018-q2-update.win32_1.4.0.202007081208/tools/bin/../lib/gcc/arm-none-eabi/7.3.1/../../../../arm-none-eabi/lib/thumb/v7-m\libg_nano.a
LOAD c:/st/stm32cubeide_1.4.0/stm32cubeide/plugins/com.st.stm32cube.ide.mcu.externaltools.gnu-tools-for-stm32.7-2018-q2-update.win32_1.4.0.202007081208/tools/bin/../lib/gcc/arm-none-eabi/7.3.1/../../../../arm-none-eabi/lib/thumb/v7-m\libc_nano.a
END GROUP
START GROUP
LOAD c:/st/stm32cubeide_1.4.0/stm32cubeide/plugins/com.st.stm32cube.ide.mcu.externaltools.gnu-tools-for-stm32.7-2018-q2-update.win32_1.4.0.202007081208/tools/bin/../lib/gcc/arm-none-eabi/7.3.1/thumb/v7-m\libgcc.a
LOAD c:/st/stm32cubeide_1.4.0/stm32cubeide/plugins/com.st.stm32cube.ide.mcu.externaltools.gnu-tools-for-stm32.7-2018-q2-update.win32_1.4.0.202007081208/tools/bin/../lib/gcc/arm-none-eabi/7.3.1/../../../../arm-none-eabi/lib/thumb/v7-m\libc_nano.a
LOAD c:/st/stm32cubeide_1.4.0/stm32cubeide/plugins/com.st.stm32cube.ide.mcu.externaltools.gnu-tools-for-stm32.7-2018-q2-update.win32_1.4.0.202007081208/tools/bin/../lib/gcc/arm-none-eabi/7.3.1/../../../../arm-none-eabi/lib/thumb/v7-m\libnosys.a
END GROUP
START GROUP
LOAD c:/st/stm32cubeide_1.4.0/stm32cubeide/plugins/com.st.stm32cube.ide.mcu.externaltools.gnu-tools-for-stm32.7-2018-q2-update.win32_1.4.0.202007081208/tools/bin/../lib/gcc/arm-none-eabi/7.3.1/thumb/v7-m\libgcc.a
LOAD c:/st/stm32cubeide_1.4.0/stm32cubeide/plugins/com.st.stm32cube.ide.mcu.externaltools.gnu-tools-for-stm32.7-2018-q2-update.win32_1.4.0.202007081208/tools/bin/../lib/gcc/arm-none-eabi/7.3.1/../../../../arm-none-eabi/lib/thumb/v7-m\libc_nano.a
LOAD c:/st/stm32cubeide_1.4.0/stm32cubeide/plugins/com.st.stm32cube.ide.mcu.externaltools.gnu-tools-for-stm32.7-2018-q2-update.win32_1.4.0.202007081208/tools/bin/../lib/gcc/arm-none-eabi/7.3.1/../../../../arm-none-eabi/lib/thumb/v7-m\libnosys.a
END GROUP
LOAD c:/st/stm32cubeide_1.4.0/stm32cubeide/plugins/com.st.stm32cube.ide.mcu.externaltools.gnu-tools-for-stm32.7-2018-q2-update.win32_1.4.0.202007081208/tools/bin/../lib/gcc/arm-none-eabi/7.3.1/thumb/v7-m/crtend.o
LOAD c:/st/stm32cubeide_1.4.0/stm32cubeide/plugins/com.st.stm32cube.ide.mcu.externaltools.gnu-tools-for-stm32.7-2018-q2-update.win32_1.4.0.202007081208/tools/bin/../lib/gcc/arm-none-eabi/7.3.1/thumb/v7-m/crtn.o
                0x0000000020002800                _estack = (ORIGIN (RAM) + LENGTH (RAM))
                0x0000000000000200                _Min_Heap_Size = 0x200
                0x0000000000000400                _Min_Stack_Size = 0x400

.isr_vector     0x0000000008000000      0x130
                0x0000000008000000                . = ALIGN (0x4)
 *(.isr_vector)
 .isr_vector    0x0000000008000000      0x130 Startup/startup_stm32f103c6tx.o
                0x0000000008000000                g_pfnVectors
                0x0000000008000130                . = ALIGN (0x4)

.text           0x0000000008000130      0xf98
                0x0000000008000130                . = ALIGN (0x4)
 *(.text)
 .text          0x0000000008000130       0x40 c:/st/stm32cubeide_1.4.0/stm32cubeide/plugins/com.st.stm32cube.ide.mcu.externaltools.gnu-tools-for-stm32.7-2018-q2-update.win32_1.4.0.202007081208/tools/bin/../lib/gcc/arm-none-eabi/7.3.1/thumb/v7-m/crtbegin.o
 *(.text*)
 .text.USART_IRQ_Callback
                0x0000000008000170       0x4c APP/App.o
                0x0000000008000170                USART_IRQ_Callback
 .text.delay    0x00000000080001bc       0x26 APP/App.o
                0x00000000080001bc                delay
 *fill*         0x00000000080001e2        0x2 
 .text.APP_Init
                0x00000000080001e4       0xb0 APP/App.o
                0x00000000080001e4                APP_Init
 .text.APP_Start
                0x0000000008000294        0xc APP/App.o
                0x0000000008000294                APP_Start
 .text.eeprom_init
                0x00000000080002a0       0x3c HAL/EEPROM_DRIVER/I2C_Slave_EEPROM.o
                0x00000000080002a0                eeprom_init
 .text.eeprom_write_Nbytes
                0x00000000080002dc       0x9c HAL/EEPROM_DRIVER/I2C_Slave_EEPROM.o
                0x00000000080002dc                eeprom_write_Nbytes
 .text.eeprom_read_byte
                0x0000000008000378       0x58 HAL/EEPROM_DRIVER/I2C_Slave_EEPROM.o
                0x0000000008000378                eeprom_read_byte
 .text.main     0x00000000080003d0        0xe Src/main.o
                0x00000000080003d0                main
 *fill*         0x00000000080003de        0x2 
 .text.Reset_Handler
                0x00000000080003e0       0x50 Startup/startup_stm32f103c6tx.o
                0x00000000080003e0                Reset_Handler
 .text.Default_Handler
                0x0000000008000430        0x2 Startup/startup_stm32f103c6tx.o
                0x0000000008000430                TIM8_TRG_COM_IRQHandler
                0x0000000008000430                TIM8_CC_IRQHandler
                0x0000000008000430                DebugMon_Handler
                0x0000000008000430                TIM1_CC_IRQHandler
                0x0000000008000430                HardFault_Handler
                0x0000000008000430                TIM6_IRQHandler
                0x0000000008000430                SysTick_Handler
                0x0000000008000430                PVD_IRQHandler
                0x0000000008000430                SDIO_IRQHandler
                0x0000000008000430                PendSV_Handler
                0x0000000008000430                NMI_Handler
                0x0000000008000430                USB_HP_CAN_TX_IRQHandler
                0x0000000008000430                I2C2_EV_IRQHandler
                0x0000000008000430                UsageFault_Handler
                0x0000000008000430                ADC1_2_IRQHandler
                0x0000000008000430                CAN_SCE_IRQHandler
                0x0000000008000430                TAMPER_IRQHandler
                0x0000000008000430                TIM8_UP_IRQHandler
                0x0000000008000430                DMA2_Channel2_IRQHandler
                0x0000000008000430                DMA1_Channel4_IRQHandler
                0x0000000008000430                RTC_IRQHandler
                0x0000000008000430                DMA1_Channel7_IRQHandler
                0x0000000008000430                UART5_IRQHandler
                0x0000000008000430                ADC3_IRQHandler
                0x0000000008000430                TIM4_IRQHandler
                0x0000000008000430                CAN_RX1_IRQHandler
                0x0000000008000430                DMA2_Channel1_IRQHandler
                0x0000000008000430                I2C1_EV_IRQHandler
                0x0000000008000430                DMA1_Channel6_IRQHandler
                0x0000000008000430                UART4_IRQHandler
                0x0000000008000430                TIM3_IRQHandler
                0x0000000008000430                RCC_IRQHandler
                0x0000000008000430                TIM1_TRG_COM_IRQHandler
                0x0000000008000430                DMA1_Channel1_IRQHandler
                0x0000000008000430                Default_Handler
                0x0000000008000430                TIM7_IRQHandler
                0x0000000008000430                TIM5_IRQHandler
                0x0000000008000430                USB_LP_CAN_RX0_IRQHandler
                0x0000000008000430                MemManage_Handler
                0x0000000008000430                SVC_Handler
                0x0000000008000430                DMA1_Channel5_IRQHandler
                0x0000000008000430                DMA1_Channel3_IRQHandler
                0x0000000008000430                FSMC_IRQHandler
                0x0000000008000430                TIM1_UP_IRQHandler
                0x0000000008000430                WWDG_IRQHandler
                0x0000000008000430                TIM2_IRQHandler
                0x0000000008000430                TIM1_BRK_IRQHandler
                0x0000000008000430                RTCAlarm_IRQHandler
                0x0000000008000430                DMA2_Channel4_5_IRQHandler
                0x0000000008000430                I2C2_ER_IRQHandler
                0x0000000008000430                DMA1_Channel2_IRQHandler
                0x0000000008000430                TIM8_BRK_IRQHandler
                0x0000000008000430                FLASH_IRQHandler
                0x0000000008000430                BusFault_Handler
                0x0000000008000430                SPI3_IRQHandler
                0x0000000008000430                I2C1_ER_IRQHandler
                0x0000000008000430                DMA2_Channel3_IRQHandler
 *fill*         0x0000000008000432        0x2 
 .text.EXTI0_IRQHandler
                0x0000000008000434       0x24 Stm32_F103C6_Drivers/MCAL/EXTI_DRIVER/EXTI.o
                0x0000000008000434                EXTI0_IRQHandler
 .text.EXTI1_IRQHandler
                0x0000000008000458       0x24 Stm32_F103C6_Drivers/MCAL/EXTI_DRIVER/EXTI.o
                0x0000000008000458                EXTI1_IRQHandler
 .text.EXTI2_IRQHandler
                0x000000000800047c       0x24 Stm32_F103C6_Drivers/MCAL/EXTI_DRIVER/EXTI.o
                0x000000000800047c                EXTI2_IRQHandler
 .text.EXTI3_IRQHandler
                0x00000000080004a0       0x24 Stm32_F103C6_Drivers/MCAL/EXTI_DRIVER/EXTI.o
                0x00000000080004a0                EXTI3_IRQHandler
 .text.EXTI4_IRQHandler
                0x00000000080004c4       0x24 Stm32_F103C6_Drivers/MCAL/EXTI_DRIVER/EXTI.o
                0x00000000080004c4                EXTI4_IRQHandler
 .text.EXTI9_5_IRQHandler
                0x00000000080004e8       0xa8 Stm32_F103C6_Drivers/MCAL/EXTI_DRIVER/EXTI.o
                0x00000000080004e8                EXTI9_5_IRQHandler
 .text.EXTI15_10_IRQHandler
                0x0000000008000590       0xc4 Stm32_F103C6_Drivers/MCAL/EXTI_DRIVER/EXTI.o
                0x0000000008000590                EXTI15_10_IRQHandler
 .text.Get_Position_in_CRL_CRH
                0x0000000008000654       0xc6 Stm32_F103C6_Drivers/MCAL/GPIO_DRIVER/GPIO.o
                0x0000000008000654                Get_Position_in_CRL_CRH
 .text.MCAL_GPIO_Init
                0x000000000800071a       0xfe Stm32_F103C6_Drivers/MCAL/GPIO_DRIVER/GPIO.o
                0x000000000800071a                MCAL_GPIO_Init
 .text.MCAL_GPIO_WritePin
                0x0000000008000818       0x2e Stm32_F103C6_Drivers/MCAL/GPIO_DRIVER/GPIO.o
                0x0000000008000818                MCAL_GPIO_WritePin
 *fill*         0x0000000008000846        0x2 
 .text.MCAL_I2C_Init
                0x0000000008000848      0x1bc Stm32_F103C6_Drivers/MCAL/I2C_DRIVER/I2C.o
                0x0000000008000848                MCAL_I2C_Init
 .text.MCAL_I2C_GPIO_Set_Pins
                0x0000000008000a04       0x7c Stm32_F103C6_Drivers/MCAL/I2C_DRIVER/I2C.o
                0x0000000008000a04                MCAL_I2C_GPIO_Set_Pins
 .text.MCAL_I2C_Master_TX
                0x0000000008000a80       0xa6 Stm32_F103C6_Drivers/MCAL/I2C_DRIVER/I2C.o
                0x0000000008000a80                MCAL_I2C_Master_TX
 *fill*         0x0000000008000b26        0x2 
 .text.MCAL_I2C_Master_RX
                0x0000000008000b28       0xf4 Stm32_F103C6_Drivers/MCAL/I2C_DRIVER/I2C.o
                0x0000000008000b28                MCAL_I2C_Master_RX
 .text.I2C_GenerateStart
                0x0000000008000c1c       0x4e Stm32_F103C6_Drivers/MCAL/I2C_DRIVER/I2C.o
                0x0000000008000c1c                I2C_GenerateStart
 .text.I2C_GenerateSTOP
                0x0000000008000c6a       0x42 Stm32_F103C6_Drivers/MCAL/I2C_DRIVER/I2C.o
                0x0000000008000c6a                I2C_GenerateSTOP
 .text.I2C_GetFlagStatus
                0x0000000008000cac       0xe2 Stm32_F103C6_Drivers/MCAL/I2C_DRIVER/I2C.o
                0x0000000008000cac                I2C_GetFlagStatus
 .text.I2C_SendAddress
                0x0000000008000d8e       0x3e Stm32_F103C6_Drivers/MCAL/I2C_DRIVER/I2C.o
                0x0000000008000d8e                I2C_SendAddress
 .text.I2C_AcknowledgeConfig
                0x0000000008000dcc       0x36 Stm32_F103C6_Drivers/MCAL/I2C_DRIVER/I2C.o
                0x0000000008000dcc                I2C_AcknowledgeConfig
 *fill*         0x0000000008000e02        0x2 
 .text.MCAL_RCC_GetSystem_ClckFreqency
                0x0000000008000e04       0x40 Stm32_F103C6_Drivers/MCAL/RCC_DRIVER/RCC.o
                0x0000000008000e04                MCAL_RCC_GetSystem_ClckFreqency
 .text.MCAL_RCC_Get_HClckFreqency
                0x0000000008000e44       0x28 Stm32_F103C6_Drivers/MCAL/RCC_DRIVER/RCC.o
                0x0000000008000e44                MCAL_RCC_Get_HClckFreqency
 .text.MCAL_RCC_Get_PCLK1Freqency
                0x0000000008000e6c       0x28 Stm32_F103C6_Drivers/MCAL/RCC_DRIVER/RCC.o
                0x0000000008000e6c                MCAL_RCC_Get_PCLK1Freqency
 .text.MCAL_SPI_TX_RX
                0x0000000008000e94       0x54 Stm32_F103C6_Drivers/MCAL/SPI_DRIVER/SPI.o
                0x0000000008000e94                MCAL_SPI_TX_RX
 .text.SPI1_IRQHandler
                0x0000000008000ee8       0x5c Stm32_F103C6_Drivers/MCAL/SPI_DRIVER/SPI.o
                0x0000000008000ee8                SPI1_IRQHandler
 .text.SPI2_IRQHandler
                0x0000000008000f44       0x5c Stm32_F103C6_Drivers/MCAL/SPI_DRIVER/SPI.o
                0x0000000008000f44                SPI2_IRQHandler
 .text.MCAL_USART_SendData
                0x0000000008000fa0       0x36 Stm32_F103C6_Drivers/MCAL/USART_DRIVER/USART.o
                0x0000000008000fa0                MCAL_USART_SendData
 *fill*         0x0000000008000fd6        0x2 
 .text.MCAL_USART_ReceiveData
                0x0000000008000fd8       0x5c Stm32_F103C6_Drivers/MCAL/USART_DRIVER/USART.o
                0x0000000008000fd8                MCAL_USART_ReceiveData
 .text.USART1_IRQHandler
                0x0000000008001034        0xc Stm32_F103C6_Drivers/MCAL/USART_DRIVER/USART.o
                0x0000000008001034                USART1_IRQHandler
 .text.USART2_IRQHandler
                0x0000000008001040       0x14 Stm32_F103C6_Drivers/MCAL/USART_DRIVER/USART.o
                0x0000000008001040                USART2_IRQHandler
 .text.USART3_IRQHandler
                0x0000000008001054       0x14 Stm32_F103C6_Drivers/MCAL/USART_DRIVER/USART.o
                0x0000000008001054                USART3_IRQHandler
 .text.__libc_init_array
                0x0000000008001068       0x48 c:/st/stm32cubeide_1.4.0/stm32cubeide/plugins/com.st.stm32cube.ide.mcu.externaltools.gnu-tools-for-stm32.7-2018-q2-update.win32_1.4.0.202007081208/tools/bin/../lib/gcc/arm-none-eabi/7.3.1/../../../../arm-none-eabi/lib/thumb/v7-m\libc_nano.a(lib_a-init.o)
                0x0000000008001068                __libc_init_array
 *(.glue_7)
 .glue_7        0x00000000080010b0        0x0 linker stubs
 *(.glue_7t)
 .glue_7t       0x00000000080010b0        0x0 linker stubs
 *(.eh_frame)
 .eh_frame      0x00000000080010b0        0x0 c:/st/stm32cubeide_1.4.0/stm32cubeide/plugins/com.st.stm32cube.ide.mcu.externaltools.gnu-tools-for-stm32.7-2018-q2-update.win32_1.4.0.202007081208/tools/bin/../lib/gcc/arm-none-eabi/7.3.1/thumb/v7-m/crtbegin.o
 *(.init)
 .init          0x00000000080010b0        0x4 c:/st/stm32cubeide_1.4.0/stm32cubeide/plugins/com.st.stm32cube.ide.mcu.externaltools.gnu-tools-for-stm32.7-2018-q2-update.win32_1.4.0.202007081208/tools/bin/../lib/gcc/arm-none-eabi/7.3.1/thumb/v7-m/crti.o
                0x00000000080010b0                _init
 .init          0x00000000080010b4        0x8 c:/st/stm32cubeide_1.4.0/stm32cubeide/plugins/com.st.stm32cube.ide.mcu.externaltools.gnu-tools-for-stm32.7-2018-q2-update.win32_1.4.0.202007081208/tools/bin/../lib/gcc/arm-none-eabi/7.3.1/thumb/v7-m/crtn.o
 *(.fini)
 .fini          0x00000000080010bc        0x4 c:/st/stm32cubeide_1.4.0/stm32cubeide/plugins/com.st.stm32cube.ide.mcu.externaltools.gnu-tools-for-stm32.7-2018-q2-update.win32_1.4.0.202007081208/tools/bin/../lib/gcc/arm-none-eabi/7.3.1/thumb/v7-m/crti.o
                0x00000000080010bc                _fini
 .fini          0x00000000080010c0        0x8 c:/st/stm32cubeide_1.4.0/stm32cubeide/plugins/com.st.stm32cube.ide.mcu.externaltools.gnu-tools-for-stm32.7-2018-q2-update.win32_1.4.0.202007081208/tools/bin/../lib/gcc/arm-none-eabi/7.3.1/thumb/v7-m/crtn.o
                0x00000000080010c8                . = ALIGN (0x4)
                0x00000000080010c8                _etext = .

.vfp11_veneer   0x00000000080010c8        0x0
 .vfp11_veneer  0x00000000080010c8        0x0 linker stubs

.v4_bx          0x00000000080010c8        0x0
 .v4_bx         0x00000000080010c8        0x0 linker stubs

.iplt           0x00000000080010c8        0x0
 .iplt          0x00000000080010c8        0x0 c:/st/stm32cubeide_1.4.0/stm32cubeide/plugins/com.st.stm32cube.ide.mcu.externaltools.gnu-tools-for-stm32.7-2018-q2-update.win32_1.4.0.202007081208/tools/bin/../lib/gcc/arm-none-eabi/7.3.1/thumb/v7-m/crtbegin.o

.rodata         0x00000000080010c8        0x8
                0x00000000080010c8                . = ALIGN (0x4)
 *(.rodata)
 .rodata        0x00000000080010c8        0x7 APP/App.o
 *(.rodata*)
                0x00000000080010d0                . = ALIGN (0x4)
 *fill*         0x00000000080010cf        0x1 

.rel.dyn        0x00000000080010d0        0x0
 .rel.iplt      0x00000000080010d0        0x0 c:/st/stm32cubeide_1.4.0/stm32cubeide/plugins/com.st.stm32cube.ide.mcu.externaltools.gnu-tools-for-stm32.7-2018-q2-update.win32_1.4.0.202007081208/tools/bin/../lib/gcc/arm-none-eabi/7.3.1/thumb/v7-m/crtbegin.o

.ARM.extab      0x00000000080010d0        0x0
                0x00000000080010d0                . = ALIGN (0x4)
 *(.ARM.extab* .gnu.linkonce.armextab.*)
                0x00000000080010d0                . = ALIGN (0x4)

.ARM            0x00000000080010d0        0x0
                0x00000000080010d0                . = ALIGN (0x4)
                0x00000000080010d0                __exidx_start = .
 *(.ARM.exidx*)
                0x00000000080010d0                __exidx_end = .
                0x00000000080010d0                . = ALIGN (0x4)

.preinit_array  0x00000000080010d0        0x0
                0x00000000080010d0                . = ALIGN (0x4)
                0x00000000080010d0                PROVIDE (__preinit_array_start = .)
 *(.preinit_array*)
                0x00000000080010d0                PROVIDE (__preinit_array_end = .)
                0x00000000080010d0                . = ALIGN (0x4)

.init_array     0x00000000080010d0        0x4
                0x00000000080010d0                . = ALIGN (0x4)
                0x00000000080010d0                PROVIDE (__init_array_start = .)
 *(SORT_BY_NAME(.init_array.*))
 *(.init_array*)
 .init_array    0x00000000080010d0        0x4 c:/st/stm32cubeide_1.4.0/stm32cubeide/plugins/com.st.stm32cube.ide.mcu.externaltools.gnu-tools-for-stm32.7-2018-q2-update.win32_1.4.0.202007081208/tools/bin/../lib/gcc/arm-none-eabi/7.3.1/thumb/v7-m/crtbegin.o
                0x00000000080010d4                PROVIDE (__init_array_end = .)
                0x00000000080010d4                . = ALIGN (0x4)

.fini_array     0x00000000080010d4        0x4
                0x00000000080010d4                . = ALIGN (0x4)
                [!provide]                        PROVIDE (__fini_array_start = .)
 *(SORT_BY_NAME(.fini_array.*))
 *(.fini_array*)
 .fini_array    0x00000000080010d4        0x4 c:/st/stm32cubeide_1.4.0/stm32cubeide/plugins/com.st.stm32cube.ide.mcu.externaltools.gnu-tools-for-stm32.7-2018-q2-update.win32_1.4.0.202007081208/tools/bin/../lib/gcc/arm-none-eabi/7.3.1/thumb/v7-m/crtbegin.o
                [!provide]                        PROVIDE (__fini_array_end = .)
                0x00000000080010d8                . = ALIGN (0x4)
                0x00000000080010d8                _sidata = LOADADDR (.data)

.data           0x0000000020000000        0x8 load address 0x00000000080010d8
                0x0000000020000000                . = ALIGN (0x4)
                0x0000000020000000                _sdata = .
 *(.data)
 *(.data*)
 .data.APB_PreScaler
                0x0000000020000000        0x8 Stm32_F103C6_Drivers/MCAL/RCC_DRIVER/RCC.o
                0x0000000020000000                APB_PreScaler
                0x0000000020000008                . = ALIGN (0x4)
                0x0000000020000008                _edata = .

.igot.plt       0x0000000020000008        0x0 load address 0x00000000080010e0
 .igot.plt      0x0000000020000008        0x0 c:/st/stm32cubeide_1.4.0/stm32cubeide/plugins/com.st.stm32cube.ide.mcu.externaltools.gnu-tools-for-stm32.7-2018-q2-update.win32_1.4.0.202007081208/tools/bin/../lib/gcc/arm-none-eabi/7.3.1/thumb/v7-m/crtbegin.o
                0x0000000020000008                . = ALIGN (0x4)

.bss            0x0000000020000008       0xb8 load address 0x00000000080010e0
                0x0000000020000008                _sbss = .
                0x0000000020000008                __bss_start__ = _sbss
 *(.bss)
 .bss           0x0000000020000008       0x1c c:/st/stm32cubeide_1.4.0/stm32cubeide/plugins/com.st.stm32cube.ide.mcu.externaltools.gnu-tools-for-stm32.7-2018-q2-update.win32_1.4.0.202007081208/tools/bin/../lib/gcc/arm-none-eabi/7.3.1/thumb/v7-m/crtbegin.o
 *(.bss*)
 .bss.G_I2C_Config
                0x0000000020000024       0x48 Stm32_F103C6_Drivers/MCAL/I2C_DRIVER/I2C.o
                0x0000000020000024                G_I2C_Config
 .bss.G_SPI_Config
                0x000000002000006c        0x8 Stm32_F103C6_Drivers/MCAL/SPI_DRIVER/SPI.o
                0x000000002000006c                G_SPI_Config
 .bss.G_USART_Config
                0x0000000020000074        0x4 Stm32_F103C6_Drivers/MCAL/USART_DRIVER/USART.o
 *(COMMON)
 COMMON         0x0000000020000078        0x8 APP/App.o
                0x0000000020000078                Data
                0x000000002000007c                PinConfig
 COMMON         0x0000000020000080       0x40 Stm32_F103C6_Drivers/MCAL/EXTI_DRIVER/EXTI.o
                0x0000000020000080                GP_IRQ_FUNC_CALLBACK
                0x00000000200000c0                . = ALIGN (0x4)
                0x00000000200000c0                _ebss = .
                0x00000000200000c0                __bss_end__ = _ebss

._user_heap_stack
                0x00000000200000c0      0x600 load address 0x00000000080010e0
                0x00000000200000c0                . = ALIGN (0x8)
                [!provide]                        PROVIDE (end = .)
                0x00000000200000c0                PROVIDE (_end = .)
                0x00000000200002c0                . = (. + _Min_Heap_Size)
 *fill*         0x00000000200000c0      0x200 
                0x00000000200006c0                . = (. + _Min_Stack_Size)
 *fill*         0x00000000200002c0      0x400 
                0x00000000200006c0                . = ALIGN (0x8)

/DISCARD/
 libc.a(*)
 libm.a(*)
 libgcc.a(*)

.ARM.attributes
                0x0000000000000000       0x29
 *(.ARM.attributes)
 .ARM.attributes
                0x0000000000000000       0x1d c:/st/stm32cubeide_1.4.0/stm32cubeide/plugins/com.st.stm32cube.ide.mcu.externaltools.gnu-tools-for-stm32.7-2018-q2-update.win32_1.4.0.202007081208/tools/bin/../lib/gcc/arm-none-eabi/7.3.1/thumb/v7-m/crti.o
 .ARM.attributes
                0x000000000000001d       0x2d c:/st/stm32cubeide_1.4.0/stm32cubeide/plugins/com.st.stm32cube.ide.mcu.externaltools.gnu-tools-for-stm32.7-2018-q2-update.win32_1.4.0.202007081208/tools/bin/../lib/gcc/arm-none-eabi/7.3.1/thumb/v7-m/crtbegin.o
 .ARM.attributes
                0x000000000000004a       0x33 APP/App.o
 .ARM.attributes
                0x000000000000007d       0x33 HAL/EEPROM_DRIVER/I2C_Slave_EEPROM.o
 .ARM.attributes
                0x00000000000000b0       0x33 Src/main.o
 .ARM.attributes
                0x00000000000000e3       0x21 Startup/startup_stm32f103c6tx.o
 .ARM.attributes
                0x0000000000000104       0x33 Stm32_F103C6_Drivers/MCAL/EXTI_DRIVER/EXTI.o
 .ARM.attributes
                0x0000000000000137       0x33 Stm32_F103C6_Drivers/MCAL/GPIO_DRIVER/GPIO.o
 .ARM.attributes
                0x000000000000016a       0x33 Stm32_F103C6_Drivers/MCAL/I2C_DRIVER/I2C.o
 .ARM.attributes
                0x000000000000019d       0x33 Stm32_F103C6_Drivers/MCAL/RCC_DRIVER/RCC.o
 .ARM.attributes
                0x00000000000001d0       0x33 Stm32_F103C6_Drivers/MCAL/SPI_DRIVER/SPI.o
 .ARM.attributes
                0x0000000000000203       0x33 Stm32_F103C6_Drivers/MCAL/USART_DRIVER/USART.o
 .ARM.attributes
                0x0000000000000236       0x2d c:/st/stm32cubeide_1.4.0/stm32cubeide/plugins/com.st.stm32cube.ide.mcu.externaltools.gnu-tools-for-stm32.7-2018-q2-update.win32_1.4.0.202007081208/tools/bin/../lib/gcc/arm-none-eabi/7.3.1/../../../../arm-none-eabi/lib/thumb/v7-m\libc_nano.a(lib_a-init.o)
 .ARM.attributes
                0x0000000000000263       0x1d c:/st/stm32cubeide_1.4.0/stm32cubeide/plugins/com.st.stm32cube.ide.mcu.externaltools.gnu-tools-for-stm32.7-2018-q2-update.win32_1.4.0.202007081208/tools/bin/../lib/gcc/arm-none-eabi/7.3.1/thumb/v7-m/crtn.o
OUTPUT(Drivers1.elf elf32-littlearm)

.debug_info     0x0000000000000000     0x6f45
 .debug_info    0x0000000000000000      0xd6a APP/App.o
 .debug_info    0x0000000000000d6a      0xc8c HAL/EEPROM_DRIVER/I2C_Slave_EEPROM.o
 .debug_info    0x00000000000019f6       0x80 Src/main.o
 .debug_info    0x0000000000001a76       0x22 Startup/startup_stm32f103c6tx.o
 .debug_info    0x0000000000001a98      0xdb3 Stm32_F103C6_Drivers/MCAL/EXTI_DRIVER/EXTI.o
 .debug_info    0x000000000000284b      0xd4d Stm32_F103C6_Drivers/MCAL/GPIO_DRIVER/GPIO.o
 .debug_info    0x0000000000003598     0x11ac Stm32_F103C6_Drivers/MCAL/I2C_DRIVER/I2C.o
 .debug_info    0x0000000000004744      0xb07 Stm32_F103C6_Drivers/MCAL/RCC_DRIVER/RCC.o
 .debug_info    0x000000000000524b      0xee5 Stm32_F103C6_Drivers/MCAL/SPI_DRIVER/SPI.o
 .debug_info    0x0000000000006130      0xe15 Stm32_F103C6_Drivers/MCAL/USART_DRIVER/USART.o

.debug_abbrev   0x0000000000000000     0x1146
 .debug_abbrev  0x0000000000000000      0x22b APP/App.o
 .debug_abbrev  0x000000000000022b      0x1da HAL/EEPROM_DRIVER/I2C_Slave_EEPROM.o
 .debug_abbrev  0x0000000000000405       0x72 Src/main.o
 .debug_abbrev  0x0000000000000477       0x12 Startup/startup_stm32f103c6tx.o
 .debug_abbrev  0x0000000000000489      0x201 Stm32_F103C6_Drivers/MCAL/EXTI_DRIVER/EXTI.o
 .debug_abbrev  0x000000000000068a      0x232 Stm32_F103C6_Drivers/MCAL/GPIO_DRIVER/GPIO.o
 .debug_abbrev  0x00000000000008bc      0x255 Stm32_F103C6_Drivers/MCAL/I2C_DRIVER/I2C.o
 .debug_abbrev  0x0000000000000b11      0x19b Stm32_F103C6_Drivers/MCAL/RCC_DRIVER/RCC.o
 .debug_abbrev  0x0000000000000cac      0x24d Stm32_F103C6_Drivers/MCAL/SPI_DRIVER/SPI.o
 .debug_abbrev  0x0000000000000ef9      0x24d Stm32_F103C6_Drivers/MCAL/USART_DRIVER/USART.o

.debug_loc      0x0000000000000000     0x1312
 .debug_loc     0x0000000000000000      0x178 APP/App.o
 .debug_loc     0x0000000000000178       0xf2 HAL/EEPROM_DRIVER/I2C_Slave_EEPROM.o
 .debug_loc     0x000000000000026a       0x2c Src/main.o
 .debug_loc     0x0000000000000296      0x320 Stm32_F103C6_Drivers/MCAL/EXTI_DRIVER/EXTI.o
 .debug_loc     0x00000000000005b6      0x330 Stm32_F103C6_Drivers/MCAL/GPIO_DRIVER/GPIO.o
 .debug_loc     0x00000000000008e6      0x414 Stm32_F103C6_Drivers/MCAL/I2C_DRIVER/I2C.o
 .debug_loc     0x0000000000000cfa       0xc8 Stm32_F103C6_Drivers/MCAL/RCC_DRIVER/RCC.o
 .debug_loc     0x0000000000000dc2      0x2bc Stm32_F103C6_Drivers/MCAL/SPI_DRIVER/SPI.o
 .debug_loc     0x000000000000107e      0x294 Stm32_F103C6_Drivers/MCAL/USART_DRIVER/USART.o

.debug_aranges  0x0000000000000000      0x300
 .debug_aranges
                0x0000000000000000       0x40 APP/App.o
 .debug_aranges
                0x0000000000000040       0x30 HAL/EEPROM_DRIVER/I2C_Slave_EEPROM.o
 .debug_aranges
                0x0000000000000070       0x20 Src/main.o
 .debug_aranges
                0x0000000000000090       0x28 Startup/startup_stm32f103c6tx.o
 .debug_aranges
                0x00000000000000b8       0x80 Stm32_F103C6_Drivers/MCAL/EXTI_DRIVER/EXTI.o
 .debug_aranges
                0x0000000000000138       0x60 Stm32_F103C6_Drivers/MCAL/GPIO_DRIVER/GPIO.o
 .debug_aranges
                0x0000000000000198       0x78 Stm32_F103C6_Drivers/MCAL/I2C_DRIVER/I2C.o
 .debug_aranges
                0x0000000000000210       0x38 Stm32_F103C6_Drivers/MCAL/RCC_DRIVER/RCC.o
 .debug_aranges
                0x0000000000000248       0x58 Stm32_F103C6_Drivers/MCAL/SPI_DRIVER/SPI.o
 .debug_aranges
                0x00000000000002a0       0x60 Stm32_F103C6_Drivers/MCAL/USART_DRIVER/USART.o

.debug_ranges   0x0000000000000000      0x268
 .debug_ranges  0x0000000000000000       0x30 APP/App.o
 .debug_ranges  0x0000000000000030       0x20 HAL/EEPROM_DRIVER/I2C_Slave_EEPROM.o
 .debug_ranges  0x0000000000000050       0x10 Src/main.o
 .debug_ranges  0x0000000000000060       0x20 Startup/startup_stm32f103c6tx.o
 .debug_ranges  0x0000000000000080       0x70 Stm32_F103C6_Drivers/MCAL/EXTI_DRIVER/EXTI.o
 .debug_ranges  0x00000000000000f0       0x50 Stm32_F103C6_Drivers/MCAL/GPIO_DRIVER/GPIO.o
 .debug_ranges  0x0000000000000140       0x68 Stm32_F103C6_Drivers/MCAL/I2C_DRIVER/I2C.o
 .debug_ranges  0x00000000000001a8       0x28 Stm32_F103C6_Drivers/MCAL/RCC_DRIVER/RCC.o
 .debug_ranges  0x00000000000001d0       0x48 Stm32_F103C6_Drivers/MCAL/SPI_DRIVER/SPI.o
 .debug_ranges  0x0000000000000218       0x50 Stm32_F103C6_Drivers/MCAL/USART_DRIVER/USART.o

.debug_macro    0x0000000000000000     0x2ff5
 .debug_macro   0x0000000000000000      0x186 APP/App.o
 .debug_macro   0x0000000000000186      0xa60 APP/App.o
 .debug_macro   0x0000000000000be6       0x18 APP/App.o
 .debug_macro   0x0000000000000bfe       0x22 APP/App.o
 .debug_macro   0x0000000000000c20       0x40 APP/App.o
 .debug_macro   0x0000000000000c60       0x94 APP/App.o
 .debug_macro   0x0000000000000cf4       0x3c APP/App.o
 .debug_macro   0x0000000000000d30       0x34 APP/App.o
 .debug_macro   0x0000000000000d64       0x16 APP/App.o
 .debug_macro   0x0000000000000d7a      0x10e APP/App.o
 .debug_macro   0x0000000000000e88       0x8d APP/App.o
 .debug_macro   0x0000000000000f15       0x57 APP/App.o
 .debug_macro   0x0000000000000f6c       0x52 APP/App.o
 .debug_macro   0x0000000000000fbe       0x1f APP/App.o
 .debug_macro   0x0000000000000fdd       0x43 APP/App.o
 .debug_macro   0x0000000000001020       0x20 APP/App.o
 .debug_macro   0x0000000000001040      0x1a3 APP/App.o
 .debug_macro   0x00000000000011e3      0x330 APP/App.o
 .debug_macro   0x0000000000001513       0x16 APP/App.o
 .debug_macro   0x0000000000001529       0x29 APP/App.o
 .debug_macro   0x0000000000001552       0x52 APP/App.o
 .debug_macro   0x00000000000015a4      0x6d2 APP/App.o
 .debug_macro   0x0000000000001c76       0xd6 APP/App.o
 .debug_macro   0x0000000000001d4c      0x230 APP/App.o
 .debug_macro   0x0000000000001f7c       0x94 APP/App.o
 .debug_macro   0x0000000000002010       0x40 APP/App.o
 .debug_macro   0x0000000000002050       0x46 APP/App.o
 .debug_macro   0x0000000000002096       0x1c APP/App.o
 .debug_macro   0x00000000000020b2      0x102 APP/App.o
 .debug_macro   0x00000000000021b4       0xe7 APP/App.o
 .debug_macro   0x000000000000229b       0x6c APP/App.o
 .debug_macro   0x0000000000002307       0x10 APP/App.o
 .debug_macro   0x0000000000002317      0x136 HAL/EEPROM_DRIVER/I2C_Slave_EEPROM.o
 .debug_macro   0x000000000000244d       0x66 HAL/EEPROM_DRIVER/I2C_Slave_EEPROM.o
 .debug_macro   0x00000000000024b3       0x11 Src/main.o
 .debug_macro   0x00000000000024c4      0x12c Stm32_F103C6_Drivers/MCAL/EXTI_DRIVER/EXTI.o
 .debug_macro   0x00000000000025f0      0x22a Stm32_F103C6_Drivers/MCAL/EXTI_DRIVER/EXTI.o
 .debug_macro   0x000000000000281a      0x11d Stm32_F103C6_Drivers/MCAL/GPIO_DRIVER/GPIO.o
 .debug_macro   0x0000000000002937      0x13b Stm32_F103C6_Drivers/MCAL/I2C_DRIVER/I2C.o
 .debug_macro   0x0000000000002a72      0x126 Stm32_F103C6_Drivers/MCAL/RCC_DRIVER/RCC.o
 .debug_macro   0x0000000000002b98       0x16 Stm32_F103C6_Drivers/MCAL/RCC_DRIVER/RCC.o
 .debug_macro   0x0000000000002bae      0x13b Stm32_F103C6_Drivers/MCAL/SPI_DRIVER/SPI.o
 .debug_macro   0x0000000000002ce9       0xe1 Stm32_F103C6_Drivers/MCAL/SPI_DRIVER/SPI.o
 .debug_macro   0x0000000000002dca      0x12f Stm32_F103C6_Drivers/MCAL/USART_DRIVER/USART.o
 .debug_macro   0x0000000000002ef9       0xfc Stm32_F103C6_Drivers/MCAL/USART_DRIVER/USART.o

.debug_line     0x0000000000000000     0x3760
 .debug_line    0x0000000000000000      0x858 APP/App.o
 .debug_line    0x0000000000000858      0x60a HAL/EEPROM_DRIVER/I2C_Slave_EEPROM.o
 .debug_line    0x0000000000000e62       0x48 Src/main.o
 .debug_line    0x0000000000000eaa       0x84 Startup/startup_stm32f103c6tx.o
 .debug_line    0x0000000000000f2e      0x726 Stm32_F103C6_Drivers/MCAL/EXTI_DRIVER/EXTI.o
 .debug_line    0x0000000000001654      0x639 Stm32_F103C6_Drivers/MCAL/GPIO_DRIVER/GPIO.o
 .debug_line    0x0000000000001c8d      0x765 Stm32_F103C6_Drivers/MCAL/I2C_DRIVER/I2C.o
 .debug_line    0x00000000000023f2      0x5b1 Stm32_F103C6_Drivers/MCAL/RCC_DRIVER/RCC.o
 .debug_line    0x00000000000029a3      0x6d1 Stm32_F103C6_Drivers/MCAL/SPI_DRIVER/SPI.o
 .debug_line    0x0000000000003074      0x6ec Stm32_F103C6_Drivers/MCAL/USART_DRIVER/USART.o

.debug_str      0x0000000000000000     0xb9c2
 .debug_str     0x0000000000000000     0xad94 APP/App.o
                                       0xaf1b (size before relaxing)
 .debug_str     0x000000000000ad94      0x21d HAL/EEPROM_DRIVER/I2C_Slave_EEPROM.o
                                       0x8f32 (size before relaxing)
 .debug_str     0x000000000000afb1       0x13 Src/main.o
                                       0x2cd6 (size before relaxing)
 .debug_str     0x000000000000afc4       0x31 Startup/startup_stm32f103c6tx.o
                                         0x56 (size before relaxing)
 .debug_str     0x000000000000aff5      0x279 Stm32_F103C6_Drivers/MCAL/EXTI_DRIVER/EXTI.o
                                       0xa07d (size before relaxing)
 .debug_str     0x000000000000b26e      0x136 Stm32_F103C6_Drivers/MCAL/GPIO_DRIVER/GPIO.o
                                       0x8cb5 (size before relaxing)
 .debug_str     0x000000000000b3a4      0x25e Stm32_F103C6_Drivers/MCAL/I2C_DRIVER/I2C.o
                                       0x921f (size before relaxing)
 .debug_str     0x000000000000b602       0xbb Stm32_F103C6_Drivers/MCAL/RCC_DRIVER/RCC.o
                                       0x8c58 (size before relaxing)
 .debug_str     0x000000000000b6bd      0x1b1 Stm32_F103C6_Drivers/MCAL/SPI_DRIVER/SPI.o
                                       0x926c (size before relaxing)
 .debug_str     0x000000000000b86e      0x154 Stm32_F103C6_Drivers/MCAL/USART_DRIVER/USART.o
                                       0x9386 (size before relaxing)

.comment        0x0000000000000000       0x7b
 .comment       0x0000000000000000       0x7b APP/App.o
                                         0x7c (size before relaxing)
 .comment       0x000000000000007b       0x7c HAL/EEPROM_DRIVER/I2C_Slave_EEPROM.o
 .comment       0x000000000000007b       0x7c Src/main.o
 .comment       0x000000000000007b       0x7c Stm32_F103C6_Drivers/MCAL/EXTI_DRIVER/EXTI.o
 .comment       0x000000000000007b       0x7c Stm32_F103C6_Drivers/MCAL/GPIO_DRIVER/GPIO.o
 .comment       0x000000000000007b       0x7c Stm32_F103C6_Drivers/MCAL/I2C_DRIVER/I2C.o
 .comment       0x000000000000007b       0x7c Stm32_F103C6_Drivers/MCAL/RCC_DRIVER/RCC.o
 .comment       0x000000000000007b       0x7c Stm32_F103C6_Drivers/MCAL/SPI_DRIVER/SPI.o
 .comment       0x000000000000007b       0x7c Stm32_F103C6_Drivers/MCAL/USART_DRIVER/USART.o

.debug_frame    0x0000000000000000      0x9b8
 .debug_frame   0x0000000000000000       0xc0 APP/App.o
 .debug_frame   0x00000000000000c0       0x80 HAL/EEPROM_DRIVER/I2C_Slave_EEPROM.o
 .debug_frame   0x0000000000000140       0x2c Src/main.o
 .debug_frame   0x000000000000016c      0x1b0 Stm32_F103C6_Drivers/MCAL/EXTI_DRIVER/EXTI.o
 .debug_frame   0x000000000000031c      0x178 Stm32_F103C6_Drivers/MCAL/GPIO_DRIVER/GPIO.o
 .debug_frame   0x0000000000000494      0x1e0 Stm32_F103C6_Drivers/MCAL/I2C_DRIVER/I2C.o
 .debug_frame   0x0000000000000674       0x84 Stm32_F103C6_Drivers/MCAL/RCC_DRIVER/RCC.o
 .debug_frame   0x00000000000006f8      0x148 Stm32_F103C6_Drivers/MCAL/SPI_DRIVER/SPI.o
 .debug_frame   0x0000000000000840      0x14c Stm32_F103C6_Drivers/MCAL/USART_DRIVER/USART.o
 .debug_frame   0x000000000000098c       0x2c c:/st/stm32cubeide_1.4.0/stm32cubeide/plugins/com.st.stm32cube.ide.mcu.externaltools.gnu-tools-for-stm32.7-2018-q2-update.win32_1.4.0.202007081208/tools/bin/../lib/gcc/arm-none-eabi/7.3.1/../../../../arm-none-eabi/lib/thumb/v7-m\libc_nano.a(lib_a-init.o)
