
Memory Configuration

Name             Origin             Length             Attributes
flash            0x00000000         0x20000000         xr
sram             0x20000000         0x20000000         xrw
*default*        0x00000000         0xffffffff

Linker script and memory map


.text           0x00000000      0x128
 *(.vectors*)
 .vectors       0x00000000       0x20 startup.o
                0x00000000                vectors
 *(.text*)
 .text          0x00000020       0x78 main.o
                0x00000020                _sbrk
                0x00000074                main
 .text          0x00000098       0x90 startup.o
                0x00000098                reset_handler
                0x0000011c                Bus_fault_
                0x0000011c                deafult_handler
                0x0000011c                Usage_fault_handler
                0x0000011c                MM_fault_handler
                0x0000011c                H_fault_handler
                0x0000011c                NMI_handler
 *(.rodata*)
                0x00000128                End_Text = .

.glue_7         0x00000128        0x0
 .glue_7        0x00000128        0x0 linker stubs

.glue_7t        0x00000128        0x0
 .glue_7t       0x00000128        0x0 linker stubs

.vfp11_veneer   0x00000128        0x0
 .vfp11_veneer  0x00000128        0x0 linker stubs

.v4_bx          0x00000128        0x0
 .v4_bx         0x00000128        0x0 linker stubs

.iplt           0x00000128        0x0
 .iplt          0x00000128        0x0 main.o

.rel.dyn        0x00000128        0x0
 .rel.iplt      0x00000128        0x0 main.o

.data           0x20000000        0x0 load address 0x00000128
                0x20000000                Start_Data = .
 *(.data)
 .data          0x20000000        0x0 main.o
 .data          0x20000000        0x0 startup.o
                0x20000000                . = ALIGN (0x4)
                0x20000000                End_Data = .

.igot.plt       0x20000000        0x0 load address 0x00000128
 .igot.plt      0x20000000        0x0 main.o

.bss            0x20000000        0x4 load address 0x00000128
                0x20000000                Start_Bss = .
 *(.bss*)
 .bss           0x20000000        0x4 main.o
 .bss           0x20000004        0x0 startup.o
                0x20000004                . = ALIGN (0x4)
                0x20000004                End_Bss = .
                0x20000004                . = ALIGN (0x4)
                0x20001004                End_Heap = (. + 0x1000)
                0x20000004                . = ALIGN (0x4)
                0x20001004                Stack_Top = (. + 0x1000)
LOAD main.o
LOAD startup.o
OUTPUT(test.elf elf32-littlearm)
LOAD linker stubs

.debug_info     0x00000000      0x326
 .debug_info    0x00000000      0x17f main.o
 .debug_info    0x0000017f      0x1a7 startup.o

.debug_abbrev   0x00000000      0x1b4
 .debug_abbrev  0x00000000       0xd2 main.o
 .debug_abbrev  0x000000d2       0xe2 startup.o

.debug_loc      0x00000000      0x128
 .debug_loc     0x00000000       0xac main.o
 .debug_loc     0x000000ac       0x7c startup.o

.debug_aranges  0x00000000       0x40
 .debug_aranges
                0x00000000       0x20 main.o
 .debug_aranges
                0x00000020       0x20 startup.o

.debug_line     0x00000000      0x138
 .debug_line    0x00000000       0x71 main.o
 .debug_line    0x00000071       0xc7 startup.o

.debug_str      0x00000000      0x1f6
 .debug_str     0x00000000      0x182 main.o
                                0x1cb (size before relaxing)
 .debug_str     0x00000182       0x74 startup.o
                                0x1d3 (size before relaxing)

.comment        0x00000000       0x49
 .comment       0x00000000       0x49 main.o
                                 0x4a (size before relaxing)
 .comment       0x00000049       0x4a startup.o

.ARM.attributes
                0x00000000       0x2e
 .ARM.attributes
                0x00000000       0x2e main.o
 .ARM.attributes
                0x0000002e       0x2e startup.o

.debug_frame    0x00000000       0xac
 .debug_frame   0x00000000       0x5c main.o
 .debug_frame   0x0000005c       0x50 startup.o
