
Memory Configuration

Name             Origin             Length             Attributes
flash            0x00000000         0x20000000         xr
sram             0x20000000         0x20000000         xrw
*default*        0x00000000         0xffffffff

Linker script and memory map


.text           0x00000000      0x158
 *(.vectors*)
 .vectors       0x00000000       0x20 startup.o
                0x00000000                golbal_ptr_function
 *(.text*)
 .text          0x00000020       0x68 GPIO.o
                0x00000020                GPIO_PortF_Init
                0x00000060                delay
 .text          0x00000088       0x40 main.o
                0x00000088                main
 .text          0x000000c8       0x90 startup.o
                0x000000c8                reset_handler
                0x0000014c                Bus_fault_
                0x0000014c                deafult_handler
                0x0000014c                Usage_fault_handler
                0x0000014c                MM_fault_handler
                0x0000014c                H_fault_handler
                0x0000014c                NMI_handler
 *(.rodata*)
                0x00000158                End_Text = .

.glue_7         0x00000158        0x0
 .glue_7        0x00000158        0x0 linker stubs

.glue_7t        0x00000158        0x0
 .glue_7t       0x00000158        0x0 linker stubs

.vfp11_veneer   0x00000158        0x0
 .vfp11_veneer  0x00000158        0x0 linker stubs

.v4_bx          0x00000158        0x0
 .v4_bx         0x00000158        0x0 linker stubs

.iplt           0x00000158        0x0
 .iplt          0x00000158        0x0 GPIO.o

.rel.dyn        0x00000158        0x0
 .rel.iplt      0x00000158        0x0 GPIO.o

.data           0x20000000        0x0 load address 0x00000158
                0x20000000                Start_Data = .
 *(.data*)
 .data          0x20000000        0x0 GPIO.o
 .data          0x20000000        0x0 main.o
 .data          0x20000000        0x0 startup.o
                0x20000000                . = ALIGN (0x4)
                0x20000000                End_Data = .

.igot.plt       0x20000000        0x0 load address 0x00000158
 .igot.plt      0x20000000        0x0 GPIO.o

.bss            0x20000000      0x400 load address 0x00000158
                0x20000000                Start_Bss = .
 *(.bss*)
 .bss           0x20000000        0x0 GPIO.o
 .bss           0x20000000        0x0 main.o
 .bss           0x20000000      0x400 startup.o
                0x20000400                . = ALIGN (0x4)
                0x20000400                End_Bss = .
LOAD GPIO.o
LOAD main.o
LOAD startup.o
OUTPUT(Tiva-C.elf elf32-littlearm)
LOAD linker stubs

.debug_info     0x00000000      0x360
 .debug_info    0x00000000       0xd8 GPIO.o
 .debug_info    0x000000d8       0xb6 main.o
 .debug_info    0x0000018e      0x1d2 startup.o

.debug_abbrev   0x00000000      0x1fc
 .debug_abbrev  0x00000000       0x9a GPIO.o
 .debug_abbrev  0x0000009a       0x6d main.o
 .debug_abbrev  0x00000107       0xf5 startup.o

.debug_loc      0x00000000      0x13c
 .debug_loc     0x00000000       0x88 GPIO.o
 .debug_loc     0x00000088       0x38 main.o
 .debug_loc     0x000000c0       0x7c startup.o

.debug_aranges  0x00000000       0x60
 .debug_aranges
                0x00000000       0x20 GPIO.o
 .debug_aranges
                0x00000020       0x20 main.o
 .debug_aranges
                0x00000040       0x20 startup.o

.debug_line     0x00000000      0x19b
 .debug_line    0x00000000       0x69 GPIO.o
 .debug_line    0x00000069       0x6b main.o
 .debug_line    0x000000d4       0xc7 startup.o

.debug_str      0x00000000      0x1f9
 .debug_str     0x00000000      0x152 GPIO.o
                                0x170 (size before relaxing)
 .debug_str     0x00000152       0x17 main.o
                                0x177 (size before relaxing)
 .debug_str     0x00000169       0x90 startup.o
                                0x1de (size before relaxing)

.comment        0x00000000       0x49
 .comment       0x00000000       0x49 GPIO.o
                                 0x4a (size before relaxing)
 .comment       0x00000049       0x4a main.o
 .comment       0x00000049       0x4a startup.o

.ARM.attributes
                0x00000000       0x2e
 .ARM.attributes
                0x00000000       0x2e GPIO.o
 .ARM.attributes
                0x0000002e       0x2e main.o
 .ARM.attributes
                0x0000005c       0x2e startup.o

.debug_frame    0x00000000       0xd4
 .debug_frame   0x00000000       0x54 GPIO.o
 .debug_frame   0x00000054       0x30 main.o
 .debug_frame   0x00000084       0x50 startup.o
