App.c:86:6:APP_Init	8	static
App.c:105:6:APP_Start	8	static
App.c:131:6:Clck_Init	4	static
App.c:137:6:USART_Init	48	static
App.c:167:6:LCDx_Init	8	static
App.c:173:6:Servo_Init	8	static
App.c:178:6:LEDs_Init	16	static
App.c:194:6:PIR_Init	16	static
App.c:213:9:GetValidCarID	16	static
App.c:238:6:Admin_UpdateIDs	24	static
App.c:327:9:Waitng_Until_GetData_KeyPad	16	static
App.c:346:6:Show_WelcomeScreen	8	static
App.c:378:6:Show_SlotsCount	8	static
App.c:389:9:IS_ID_Validate	16	static
App.c:394:6:Flashing_LED	24	static
App.c:403:6:Display_Access_Accepted	16	static
App.c:414:6:Display_Access_Denied	16	static
App.c:426:6:Process_Entry_Gate	16	static
App.c:481:6:Process_Exit_Gate	16	static
App.c:541:6:USART1_IRQ_CallBack	16	static
App.c:554:6:USART2_IRQ_CallBack	16	static
