EXTI.c:50:6:Enable_NVIC	16	static
EXTI.c:89:6:Disable_NVIC	16	static
EXTI.c:129:6:Update_EXTI	24	static
EXTI.c:207:6:MCAL_EXTI_GPIO_Init	16	static
EXTI.c:220:6:MCAL_EXTI_GPIO_DeInit	4	static
EXTI.c:253:6:MCAL_EXTI_GPIO_Update	16	static
EXTI.c:267:6:EXTI0_IRQHandler	8	static
EXTI.c:275:6:EXTI1_IRQHandler	8	static
EXTI.c:283:6:EXTI2_IRQHandler	8	static
EXTI.c:291:6:EXTI3_IRQHandler	8	static
EXTI.c:299:6:EXTI4_IRQHandler	8	static
EXTI.c:306:6:EXTI9_5_IRQHandler	8	static
EXTI.c:315:6:EXTI15_10_IRQHandler	8	static
