Archive member included to satisfy reference by file (symbol)

c:/st/stm32cubeide_1.4.0/stm32cubeide/plugins/com.st.stm32cube.ide.mcu.externaltools.gnu-tools-for-stm32.7-2018-q2-update.win32_1.4.0.202007081208/tools/bin/../lib/gcc/arm-none-eabi/7.3.1/../../../../arm-none-eabi/lib/thumb/v7-m\libc_nano.a(lib_a-errno.o)
                              Src/syscalls.o (__errno)
c:/st/stm32cubeide_1.4.0/stm32cubeide/plugins/com.st.stm32cube.ide.mcu.externaltools.gnu-tools-for-stm32.7-2018-q2-update.win32_1.4.0.202007081208/tools/bin/../lib/gcc/arm-none-eabi/7.3.1/../../../../arm-none-eabi/lib/thumb/v7-m\libc_nano.a(lib_a-exit.o)
                              c:/st/stm32cubeide_1.4.0/stm32cubeide/plugins/com.st.stm32cube.ide.mcu.externaltools.gnu-tools-for-stm32.7-2018-q2-update.win32_1.4.0.202007081208/tools/bin/../lib/gcc/arm-none-eabi/7.3.1/../../../../arm-none-eabi/lib/thumb/v7-m/crt0.o (exit)
c:/st/stm32cubeide_1.4.0/stm32cubeide/plugins/com.st.stm32cube.ide.mcu.externaltools.gnu-tools-for-stm32.7-2018-q2-update.win32_1.4.0.202007081208/tools/bin/../lib/gcc/arm-none-eabi/7.3.1/../../../../arm-none-eabi/lib/thumb/v7-m\libc_nano.a(lib_a-impure.o)
                              c:/st/stm32cubeide_1.4.0/stm32cubeide/plugins/com.st.stm32cube.ide.mcu.externaltools.gnu-tools-for-stm32.7-2018-q2-update.win32_1.4.0.202007081208/tools/bin/../lib/gcc/arm-none-eabi/7.3.1/../../../../arm-none-eabi/lib/thumb/v7-m\libc_nano.a(lib_a-exit.o) (_global_impure_ptr)
c:/st/stm32cubeide_1.4.0/stm32cubeide/plugins/com.st.stm32cube.ide.mcu.externaltools.gnu-tools-for-stm32.7-2018-q2-update.win32_1.4.0.202007081208/tools/bin/../lib/gcc/arm-none-eabi/7.3.1/../../../../arm-none-eabi/lib/thumb/v7-m\libc_nano.a(lib_a-init.o)
                              c:/st/stm32cubeide_1.4.0/stm32cubeide/plugins/com.st.stm32cube.ide.mcu.externaltools.gnu-tools-for-stm32.7-2018-q2-update.win32_1.4.0.202007081208/tools/bin/../lib/gcc/arm-none-eabi/7.3.1/../../../../arm-none-eabi/lib/thumb/v7-m/crt0.o (__libc_init_array)
c:/st/stm32cubeide_1.4.0/stm32cubeide/plugins/com.st.stm32cube.ide.mcu.externaltools.gnu-tools-for-stm32.7-2018-q2-update.win32_1.4.0.202007081208/tools/bin/../lib/gcc/arm-none-eabi/7.3.1/../../../../arm-none-eabi/lib/thumb/v7-m\libc_nano.a(lib_a-memset.o)
                              c:/st/stm32cubeide_1.4.0/stm32cubeide/plugins/com.st.stm32cube.ide.mcu.externaltools.gnu-tools-for-stm32.7-2018-q2-update.win32_1.4.0.202007081208/tools/bin/../lib/gcc/arm-none-eabi/7.3.1/../../../../arm-none-eabi/lib/thumb/v7-m/crt0.o (memset)
c:/st/stm32cubeide_1.4.0/stm32cubeide/plugins/com.st.stm32cube.ide.mcu.externaltools.gnu-tools-for-stm32.7-2018-q2-update.win32_1.4.0.202007081208/tools/bin/../lib/gcc/arm-none-eabi/7.3.1/../../../../arm-none-eabi/lib/thumb/v7-m\libc_nano.a(lib_a-sprintf.o)
                              Stm32_F103C6_Drivers/LCD_DRIVER/Lcd.o (sprintf)
c:/st/stm32cubeide_1.4.0/stm32cubeide/plugins/com.st.stm32cube.ide.mcu.externaltools.gnu-tools-for-stm32.7-2018-q2-update.win32_1.4.0.202007081208/tools/bin/../lib/gcc/arm-none-eabi/7.3.1/../../../../arm-none-eabi/lib/thumb/v7-m\libc_nano.a(lib_a-nano-svfprintf.o)
                              c:/st/stm32cubeide_1.4.0/stm32cubeide/plugins/com.st.stm32cube.ide.mcu.externaltools.gnu-tools-for-stm32.7-2018-q2-update.win32_1.4.0.202007081208/tools/bin/../lib/gcc/arm-none-eabi/7.3.1/../../../../arm-none-eabi/lib/thumb/v7-m\libc_nano.a(lib_a-sprintf.o) (_svfprintf_r)
c:/st/stm32cubeide_1.4.0/stm32cubeide/plugins/com.st.stm32cube.ide.mcu.externaltools.gnu-tools-for-stm32.7-2018-q2-update.win32_1.4.0.202007081208/tools/bin/../lib/gcc/arm-none-eabi/7.3.1/../../../../arm-none-eabi/lib/thumb/v7-m\libc_nano.a(lib_a-nano-vfprintf_i.o)
                              c:/st/stm32cubeide_1.4.0/stm32cubeide/plugins/com.st.stm32cube.ide.mcu.externaltools.gnu-tools-for-stm32.7-2018-q2-update.win32_1.4.0.202007081208/tools/bin/../lib/gcc/arm-none-eabi/7.3.1/../../../../arm-none-eabi/lib/thumb/v7-m\libc_nano.a(lib_a-nano-svfprintf.o) (_printf_i)
c:/st/stm32cubeide_1.4.0/stm32cubeide/plugins/com.st.stm32cube.ide.mcu.externaltools.gnu-tools-for-stm32.7-2018-q2-update.win32_1.4.0.202007081208/tools/bin/../lib/gcc/arm-none-eabi/7.3.1/../../../../arm-none-eabi/lib/thumb/v7-m\libc_nano.a(lib_a-memchr-stub.o)
                              c:/st/stm32cubeide_1.4.0/stm32cubeide/plugins/com.st.stm32cube.ide.mcu.externaltools.gnu-tools-for-stm32.7-2018-q2-update.win32_1.4.0.202007081208/tools/bin/../lib/gcc/arm-none-eabi/7.3.1/../../../../arm-none-eabi/lib/thumb/v7-m\libc_nano.a(lib_a-nano-svfprintf.o) (memchr)
c:/st/stm32cubeide_1.4.0/stm32cubeide/plugins/com.st.stm32cube.ide.mcu.externaltools.gnu-tools-for-stm32.7-2018-q2-update.win32_1.4.0.202007081208/tools/bin/../lib/gcc/arm-none-eabi/7.3.1/../../../../arm-none-eabi/lib/thumb/v7-m\libc_nano.a(lib_a-memcpy-stub.o)
[...]
Memory Configuration

Name             Origin             Length             Attributes
RAM              0x0000000020000000 0x0000000000002800 xrw
ROM              0x0000000008000000 0x0000000000008000 xr
*default*        0x0000000000000000 0xffffffffffffffff

Linker script and memory map

LOAD c:/st/stm32cubeide_1.4.0/stm32cubeide/plugins/com.st.stm32cube.ide.mcu.externaltools.gnu-tools-for-stm32.7-2018-q2-update.win32_1.4.0.202007081208/tools/bin/../lib/gcc/arm-none-eabi/7.3.1/thumb/v7-m/crti.o
LOAD c:/st/stm32cubeide_1.4.0/stm32cubeide/plugins/com.st.stm32cube.ide.mcu.externaltools.gnu-tools-for-stm32.7-2018-q2-update.win32_1.4.0.202007081208/tools/bin/../lib/gcc/arm-none-eabi/7.3.1/thumb/v7-m/crtbegin.o
LOAD c:/st/stm32cubeide_1.4.0/stm32cubeide/plugins/com.st.stm32cube.ide.mcu.externaltools.gnu-tools-for-stm32.7-2018-q2-update.win32_1.4.0.202007081208/tools/bin/../lib/gcc/arm-none-eabi/7.3.1/../../../../arm-none-eabi/lib/thumb/v7-m/crt0.o
LOAD Src/main.o
LOAD Src/syscalls.o
LOAD Src/sysmem.o
LOAD Startup/startup_stm32f103c6tx.o
LOAD Stm32_F103C6_Drivers/GPIO_DRIVER/Stm32F103C6_GPIO_Driver.o
LOAD Stm32_F103C6_Drivers/KEYPAD_DRIVER/KeyPad.o
LOAD Stm32_F103C6_Drivers/LCD_DRIVER/Lcd.o
LOAD Stm32_F103C6_Drivers/Seven_Segment_DRIVER/Seven_Segment.o
START GROUP
LOAD c:/st/stm32cubeide_1.4.0/stm32cubeide/plugins/com.st.stm32cube.ide.mcu.externaltools.gnu-tools-for-stm32.7-2018-q2-update.win32_1.4.0.202007081208/tools/bin/../lib/gcc/arm-none-eabi/7.3.1/../../../../arm-none-eabi/lib/thumb/v7-m\libc_nano.a
LOAD c:/st/stm32cubeide_1.4.0/stm32cubeide/plugins/com.st.stm32cube.ide.mcu.externaltools.gnu-tools-for-stm32.7-2018-q2-update.win32_1.4.0.202007081208/tools/bin/../lib/gcc/arm-none-eabi/7.3.1/../../../../arm-none-eabi/lib/thumb/v7-m\libm.a
END GROUP
START GROUP
LOAD c:/st/stm32cubeide_1.4.0/stm32cubeide/plugins/com.st.stm32cube.ide.mcu.externaltools.gnu-tools-for-stm32.7-2018-q2-update.win32_1.4.0.202007081208/tools/bin/../lib/gcc/arm-none-eabi/7.3.1/thumb/v7-m\libgcc.a
LOAD c:/st/stm32cubeide_1.4.0/stm32cubeide/plugins/com.st.stm32cube.ide.mcu.externaltools.gnu-tools-for-stm32.7-2018-q2-update.win32_1.4.0.202007081208/tools/bin/../lib/gcc/arm-none-eabi/7.3.1/../../../../arm-none-eabi/lib/thumb/v7-m\libg_nano.a
LOAD c:/st/stm32cubeide_1.4.0/stm32cubeide/plugins/com.st.stm32cube.ide.mcu.externaltools.gnu-tools-for-stm32.7-2018-q2-update.win32_1.4.0.202007081208/tools/bin/../lib/gcc/arm-none-eabi/7.3.1/../../../../arm-none-eabi/lib/thumb/v7-m\libc_nano.a
END GROUP
START GROUP
LOAD c:/st/stm32cubeide_1.4.0/stm32cubeide/plugins/com.st.stm32cube.ide.mcu.externaltools.gnu-tools-for-stm32.7-2018-q2-update.win32_1.4.0.202007081208/tools/bin/../lib/gcc/arm-none-eabi/7.3.1/thumb/v7-m\libgcc.a
LOAD c:/st/stm32cubeide_1.4.0/stm32cubeide/plugins/com.st.stm32cube.ide.mcu.externaltools.gnu-tools-for-stm32.7-2018-q2-update.win32_1.4.0.202007081208/tools/bin/../lib/gcc/arm-none-eabi/7.3.1/../../../../arm-none-eabi/lib/thumb/v7-m\libc_nano.a
LOAD c:/st/stm32cubeide_1.4.0/stm32cubeide/plugins/com.st.stm32cube.ide.mcu.externaltools.gnu-tools-for-stm32.7-2018-q2-update.win32_1.4.0.202007081208/tools/bin/../lib/gcc/arm-none-eabi/7.3.1/../../../../arm-none-eabi/lib/thumb/v7-m\libnosys.a
END GROUP
START GROUP
LOAD c:/st/stm32cubeide_1.4.0/stm32cubeide/plugins/com.st.stm32cube.ide.mcu.externaltools.gnu-tools-for-stm32.7-2018-q2-update.win32_1.4.0.202007081208/tools/bin/../lib/gcc/arm-none-eabi/7.3.1/thumb/v7-m\libgcc.a
LOAD c:/st/stm32cubeide_1.4.0/stm32cubeide/plugins/com.st.stm32cube.ide.mcu.externaltools.gnu-tools-for-stm32.7-2018-q2-update.win32_1.4.0.202007081208/tools/bin/../lib/gcc/arm-none-eabi/7.3.1/../../../../arm-none-eabi/lib/thumb/v7-m\libc_nano.a
LOAD c:/st/stm32cubeide_1.4.0/stm32cubeide/plugins/com.st.stm32cube.ide.mcu.externaltools.gnu-tools-for-stm32.7-2018-q2-update.win32_1.4.0.202007081208/tools/bin/../lib/gcc/arm-none-eabi/7.3.1/../../../../arm-none-eabi/lib/thumb/v7-m\libnosys.a
END GROUP
LOAD c:/st/stm32cubeide_1.4.0/stm32cubeide/plugins/com.st.stm32cube.ide.mcu.externaltools.gnu-tools-for-stm32.7-2018-q2-update.win32_1.4.0.202007081208/tools/bin/../lib/gcc/arm-none-eabi/7.3.1/thumb/v7-m/crtend.o
LOAD c:/st/stm32cubeide_1.4.0/stm32cubeide/plugins/com.st.stm32cube.ide.mcu.externaltools.gnu-tools-for-stm32.7-2018-q2-update.win32_1.4.0.202007081208/tools/bin/../lib/gcc/arm-none-eabi/7.3.1/thumb/v7-m/crtn.o
                0x0000000020002800                _estack = (ORIGIN (RAM) + LENGTH (RAM))
                0x0000000000000200                _Min_Heap_Size = 0x200
                0x0000000000000400                _Min_Stack_Size = 0x400

.isr_vector     0x0000000008000000      0x130
                0x0000000008000000                . = ALIGN (0x4)
 *(.isr_vector)
 .isr_vector    0x0000000008000000      0x130 Startup/startup_stm32f103c6tx.o
                0x0000000008000000                g_pfnVectors
                0x0000000008000130                . = ALIGN (0x4)

.text           0x0000000008000130     0x1b6c
                0x0000000008000130                . = ALIGN (0x4)
 *(.text)
 .text          0x0000000008000130       0x40 c:/st/stm32cubeide_1.4.0/stm32cubeide/plugins/com.st.stm32cube.ide.mcu.externaltools.gnu-tools-for-stm32.7-2018-q2-update.win32_1.4.0.202007081208/tools/bin/../lib/gcc/arm-none-eabi/7.3.1/thumb/v7-m/crtbegin.o
 .text          0x0000000008000170      0x21c c:/st/stm32cubeide_1.4.0/stm32cubeide/plugins/com.st.stm32cube.ide.mcu.externaltools.gnu-tools-for-stm32.7-2018-q2-update.win32_1.4.0.202007081208/tools/bin/../lib/gcc/arm-none-eabi/7.3.1/thumb/v7-m\libgcc.a(_arm_addsubsf3.o)
                0x0000000008000170                __aeabi_frsub
                0x0000000008000178                __subsf3
                0x0000000008000178                __aeabi_fsub
                0x000000000800017c                __aeabi_fadd
                0x000000000800017c                __addsf3
                0x00000000080002dc                __aeabi_ui2f
                0x00000000080002dc                __floatunsisf
                0x00000000080002e4                __aeabi_i2f
                0x00000000080002e4                __floatsisf
                0x0000000008000300                __aeabi_ul2f
                0x0000000008000300                __floatundisf
                0x0000000008000310                __aeabi_l2f
                0x0000000008000310                __floatdisf
 .text          0x000000000800038c      0x2a0 c:/st/stm32cubeide_1.4.0/stm32cubeide/plugins/com.st.stm32cube.ide.mcu.externaltools.gnu-tools-for-stm32.7-2018-q2-update.win32_1.4.0.202007081208/tools/bin/../lib/gcc/arm-none-eabi/7.3.1/thumb/v7-m\libgcc.a(_arm_muldivsf3.o)
                0x000000000800038c                __mulsf3
                0x000000000800038c                __aeabi_fmul
                0x00000000080004f4                __aeabi_fdiv
                0x00000000080004f4                __divsf3
 .text          0x000000000800062c       0xec c:/st/stm32cubeide_1.4.0/stm32cubeide/plugins/com.st.stm32cube.ide.mcu.externaltools.gnu-tools-for-stm32.7-2018-q2-update.win32_1.4.0.202007081208/tools/bin/../lib/gcc/arm-none-eabi/7.3.1/thumb/v7-m\libgcc.a(_arm_cmpsf2.o)
                0x000000000800062c                __gesf2
                0x000000000800062c                __gtsf2
                0x0000000008000634                __lesf2
                0x0000000008000634                __ltsf2
                0x000000000800063c                __nesf2
                0x000000000800063c                __eqsf2
                0x000000000800063c                __cmpsf2
                0x000000000800069c                __aeabi_cfrcmple
                0x00000000080006a4                __aeabi_cfcmpeq
                0x00000000080006a4                __aeabi_cfcmple
                0x00000000080006b4                __aeabi_fcmpeq
                0x00000000080006c8                __aeabi_fcmplt
                0x00000000080006dc                __aeabi_fcmple
                0x00000000080006f0                __aeabi_fcmpge
                0x0000000008000704                __aeabi_fcmpgt
 .text          0x0000000008000718       0x4c c:/st/stm32cubeide_1.4.0/stm32cubeide/plugins/com.st.stm32cube.ide.mcu.externaltools.gnu-tools-for-stm32.7-2018-q2-update.win32_1.4.0.202007081208/tools/bin/../lib/gcc/arm-none-eabi/7.3.1/thumb/v7-m\libgcc.a(_arm_fixsfsi.o)
                0x0000000008000718                __aeabi_f2iz
                0x0000000008000718                __fixsfsi
 *(.text*)
 .text.clock_init
                0x0000000008000764       0x28 Src/main.o
                0x0000000008000764                clock_init
 .text.delay    0x000000000800078c       0x38 Src/main.o
                0x000000000800078c                delay
 .text.main     0x00000000080007c4      0x210 Src/main.o
                0x00000000080007c4                main
 .text._sbrk    0x00000000080009d4       0x6c Src/sysmem.o
                0x00000000080009d4                _sbrk
 .text.Reset_Handler
                0x0000000008000a40       0x50 Startup/startup_stm32f103c6tx.o
                0x0000000008000a40                Reset_Handler
 .text.Default_Handler
                0x0000000008000a90        0x2 Startup/startup_stm32f103c6tx.o
                0x0000000008000a90                EXTI2_IRQHandler
                0x0000000008000a90                TIM8_TRG_COM_IRQHandler
                0x0000000008000a90                TIM8_CC_IRQHandler
                0x0000000008000a90                DebugMon_Handler
                0x0000000008000a90                TIM1_CC_IRQHandler
                0x0000000008000a90                HardFault_Handler
                0x0000000008000a90                TIM6_IRQHandler
                0x0000000008000a90                SysTick_Handler
                0x0000000008000a90                PVD_IRQHandler
                0x0000000008000a90                SDIO_IRQHandler
                0x0000000008000a90                PendSV_Handler
                0x0000000008000a90                NMI_Handler
                0x0000000008000a90                EXTI3_IRQHandler
                0x0000000008000a90                USB_HP_CAN_TX_IRQHandler
                0x0000000008000a90                EXTI0_IRQHandler
                0x0000000008000a90                I2C2_EV_IRQHandler
                0x0000000008000a90                UsageFault_Handler
                0x0000000008000a90                ADC1_2_IRQHandler
                0x0000000008000a90                SPI1_IRQHandler
                0x0000000008000a90                CAN_SCE_IRQHandler
                0x0000000008000a90                TAMPER_IRQHandler
                0x0000000008000a90                TIM8_UP_IRQHandler
                0x0000000008000a90                DMA2_Channel2_IRQHandler
                0x0000000008000a90                DMA1_Channel4_IRQHandler
                0x0000000008000a90                USART3_IRQHandler
                0x0000000008000a90                RTC_IRQHandler
                0x0000000008000a90                DMA1_Channel7_IRQHandler
                0x0000000008000a90                UART5_IRQHandler
                0x0000000008000a90                ADC3_IRQHandler
                0x0000000008000a90                TIM4_IRQHandler
                0x0000000008000a90                CAN_RX1_IRQHandler
                0x0000000008000a90                DMA2_Channel1_IRQHandler
                0x0000000008000a90                I2C1_EV_IRQHandler
                0x0000000008000a90                DMA1_Channel6_IRQHandler
                0x0000000008000a90                UART4_IRQHandler
                0x0000000008000a90                TIM3_IRQHandler
                0x0000000008000a90                RCC_IRQHandler
                0x0000000008000a90                TIM1_TRG_COM_IRQHandler
                0x0000000008000a90                DMA1_Channel1_IRQHandler
                0x0000000008000a90                Default_Handler
                0x0000000008000a90                EXTI15_10_IRQHandler
                0x0000000008000a90                TIM7_IRQHandler
                0x0000000008000a90                TIM5_IRQHandler
                0x0000000008000a90                EXTI9_5_IRQHandler
                0x0000000008000a90                SPI2_IRQHandler
                0x0000000008000a90                USB_LP_CAN_RX0_IRQHandler
                0x0000000008000a90                MemManage_Handler
                0x0000000008000a90                SVC_Handler
                0x0000000008000a90                DMA1_Channel5_IRQHandler
                0x0000000008000a90                EXTI4_IRQHandler
                0x0000000008000a90                DMA1_Channel3_IRQHandler
                0x0000000008000a90                FSMC_IRQHandler
                0x0000000008000a90                TIM1_UP_IRQHandler
                0x0000000008000a90                WWDG_IRQHandler
                0x0000000008000a90                TIM2_IRQHandler
                0x0000000008000a90                TIM1_BRK_IRQHandler
                0x0000000008000a90                EXTI1_IRQHandler
                0x0000000008000a90                RTCAlarm_IRQHandler
                0x0000000008000a90                DMA2_Channel4_5_IRQHandler
                0x0000000008000a90                USART2_IRQHandler
                0x0000000008000a90                I2C2_ER_IRQHandler
                0x0000000008000a90                DMA1_Channel2_IRQHandler
                0x0000000008000a90                TIM8_BRK_IRQHandler
                0x0000000008000a90                FLASH_IRQHandler
                0x0000000008000a90                BusFault_Handler
                0x0000000008000a90                USART1_IRQHandler
                0x0000000008000a90                SPI3_IRQHandler
                0x0000000008000a90                I2C1_ER_IRQHandler
                0x0000000008000a90                DMA2_Channel3_IRQHandler
 .text.Get_Position_in_CRL_CRH
                0x0000000008000a92       0xc6 Stm32_F103C6_Drivers/GPIO_DRIVER/Stm32F103C6_GPIO_Driver.o
                0x0000000008000a92                Get_Position_in_CRL_CRH
 .text.MCAL_GPIO_Init
                0x0000000008000b58       0xfe Stm32_F103C6_Drivers/GPIO_DRIVER/Stm32F103C6_GPIO_Driver.o
                0x0000000008000b58                MCAL_GPIO_Init
 .text.MCAL_GPIO_ReadPin
                0x0000000008000c56       0x28 Stm32_F103C6_Drivers/GPIO_DRIVER/Stm32F103C6_GPIO_Driver.o
                0x0000000008000c56                MCAL_GPIO_ReadPin
 .text.MCAL_GPIO_WritePin
                0x0000000008000c7e       0x2e Stm32_F103C6_Drivers/GPIO_DRIVER/Stm32F103C6_GPIO_Driver.o
                0x0000000008000c7e                MCAL_GPIO_WritePin
 .text.MCAL_GPIO_WritePort
                0x0000000008000cac       0x1c Stm32_F103C6_Drivers/GPIO_DRIVER/Stm32F103C6_GPIO_Driver.o
                0x0000000008000cac                MCAL_GPIO_WritePort
 .text.Keypad_Init
                0x0000000008000cc8       0x80 Stm32_F103C6_Drivers/KEYPAD_DRIVER/KeyPad.o
                0x0000000008000cc8                Keypad_Init
 .text.GetData_FromKeyPad
                0x0000000008000d48      0x174 Stm32_F103C6_Drivers/KEYPAD_DRIVER/KeyPad.o
                0x0000000008000d48                GetData_FromKeyPad
 .text._delay_ms
                0x0000000008000ebc       0x38 Stm32_F103C6_Drivers/LCD_DRIVER/Lcd.o
                0x0000000008000ebc                _delay_ms
 .text.LCD_GPIOx_Init
                0x0000000008000ef4      0x158 Stm32_F103C6_Drivers/LCD_DRIVER/Lcd.o
                0x0000000008000ef4                LCD_GPIOx_Init
 .text.LCD_Init
                0x000000000800104c       0x34 Stm32_F103C6_Drivers/LCD_DRIVER/Lcd.o
                0x000000000800104c                LCD_Init
 .text.Send_Pulse_toLCD
                0x0000000008001080       0x30 Stm32_F103C6_Drivers/LCD_DRIVER/Lcd.o
                0x0000000008001080                Send_Pulse_toLCD
 .text.Clear_LCD_Screen
                0x00000000080010b0        0xe Stm32_F103C6_Drivers/LCD_DRIVER/Lcd.o
                0x00000000080010b0                Clear_LCD_Screen
 *fill*         0x00000000080010be        0x2 
 .text.Write_Command_onLCD
                0x00000000080010c0       0x44 Stm32_F103C6_Drivers/LCD_DRIVER/Lcd.o
                0x00000000080010c0                Write_Command_onLCD
 .text.Write_Character_onLCD
                0x0000000008001104       0x44 Stm32_F103C6_Drivers/LCD_DRIVER/Lcd.o
                0x0000000008001104                Write_Character_onLCD
 .text.Write_String_onLCD
                0x0000000008001148       0x58 Stm32_F103C6_Drivers/LCD_DRIVER/Lcd.o
                0x0000000008001148                Write_String_onLCD
 .text.Control_LCD_Lines_And_Cursor
                0x00000000080011a0       0x48 Stm32_F103C6_Drivers/LCD_DRIVER/Lcd.o
                0x00000000080011a0                Control_LCD_Lines_And_Cursor
 .text.Display_RealNumber_onnLCD
                0x00000000080011e8       0x6c Stm32_F103C6_Drivers/LCD_DRIVER/Lcd.o
                0x00000000080011e8                Display_RealNumber_onnLCD
 .text.Init_7Segment
                0x0000000008001254       0xbc Stm32_F103C6_Drivers/Seven_Segment_DRIVER/Seven_Segment.o
                0x0000000008001254                Init_7Segment
 .text.DisplayNumber_on_7segment
                0x0000000008001310       0xfc Stm32_F103C6_Drivers/Seven_Segment_DRIVER/Seven_Segment.o
                0x0000000008001310                DisplayNumber_on_7segment
 .text.__errno  0x000000000800140c        0xc c:/st/stm32cubeide_1.4.0/stm32cubeide/plugins/com.st.stm32cube.ide.mcu.externaltools.gnu-tools-for-stm32.7-2018-q2-update.win32_1.4.0.202007081208/tools/bin/../lib/gcc/arm-none-eabi/7.3.1/../../../../arm-none-eabi/lib/thumb/v7-m\libc_nano.a(lib_a-errno.o)
                0x000000000800140c                __errno
 .text.__libc_init_array
                0x0000000008001418       0x48 c:/st/stm32cubeide_1.4.0/stm32cubeide/plugins/com.st.stm32cube.ide.mcu.externaltools.gnu-tools-for-stm32.7-2018-q2-update.win32_1.4.0.202007081208/tools/bin/../lib/gcc/arm-none-eabi/7.3.1/../../../../arm-none-eabi/lib/thumb/v7-m\libc_nano.a(lib_a-init.o)
                0x0000000008001418                __libc_init_array
 .text.sprintf  0x0000000008001460       0x40 c:/st/stm32cubeide_1.4.0/stm32cubeide/plugins/com.st.stm32cube.ide.mcu.externaltools.gnu-tools-for-stm32.7-2018-q2-update.win32_1.4.0.202007081208/tools/bin/../lib/gcc/arm-none-eabi/7.3.1/../../../../arm-none-eabi/lib/thumb/v7-m\libc_nano.a(lib_a-sprintf.o)
                0x0000000008001460                siprintf
                0x0000000008001460                sprintf
 .text.__ssputs_r
                0x00000000080014a0       0xb4 c:/st/stm32cubeide_1.4.0/stm32cubeide/plugins/com.st.stm32cube.ide.mcu.externaltools.gnu-tools-for-stm32.7-2018-q2-update.win32_1.4.0.202007081208/tools/bin/../lib/gcc/arm-none-eabi/7.3.1/../../../../arm-none-eabi/lib/thumb/v7-m\libc_nano.a(lib_a-nano-svfprintf.o)
                0x00000000080014a0                __ssputs_r
 .text._svfprintf_r
                0x0000000008001554      0x1f0 c:/st/stm32cubeide_1.4.0/stm32cubeide/plugins/com.st.stm32cube.ide.mcu.externaltools.gnu-tools-for-stm32.7-2018-q2-update.win32_1.4.0.202007081208/tools/bin/../lib/gcc/arm-none-eabi/7.3.1/../../../../arm-none-eabi/lib/thumb/v7-m\libc_nano.a(lib_a-nano-svfprintf.o)
                0x0000000008001554                _svfiprintf_r
                0x0000000008001554                _svfprintf_r
 .text._printf_common
                0x0000000008001744       0xec c:/st/stm32cubeide_1.4.0/stm32cubeide/plugins/com.st.stm32cube.ide.mcu.externaltools.gnu-tools-for-stm32.7-2018-q2-update.win32_1.4.0.202007081208/tools/bin/../lib/gcc/arm-none-eabi/7.3.1/../../../../arm-none-eabi/lib/thumb/v7-m\libc_nano.a(lib_a-nano-vfprintf_i.o)
                0x0000000008001744                _printf_common
 .text._printf_i
                0x0000000008001830      0x224 c:/st/stm32cubeide_1.4.0/stm32cubeide/plugins/com.st.stm32cube.ide.mcu.externaltools.gnu-tools-for-stm32.7-2018-q2-update.win32_1.4.0.202007081208/tools/bin/../lib/gcc/arm-none-eabi/7.3.1/../../../../arm-none-eabi/lib/thumb/v7-m\libc_nano.a(lib_a-nano-vfprintf_i.o)
                0x0000000008001830                _printf_i
 .text.memchr   0x0000000008001a54       0x1c c:/st/stm32cubeide_1.4.0/stm32cubeide/plugins/com.st.stm32cube.ide.mcu.externaltools.gnu-tools-for-stm32.7-2018-q2-update.win32_1.4.0.202007081208/tools/bin/../lib/gcc/arm-none-eabi/7.3.1/../../../../arm-none-eabi/lib/thumb/v7-m\libc_nano.a(lib_a-memchr-stub.o)
                0x0000000008001a54                memchr
 .text.memcpy   0x0000000008001a70       0x16 c:/st/stm32cubeide_1.4.0/stm32cubeide/plugins/com.st.stm32cube.ide.mcu.externaltools.gnu-tools-for-stm32.7-2018-q2-update.win32_1.4.0.202007081208/tools/bin/../lib/gcc/arm-none-eabi/7.3.1/../../../../arm-none-eabi/lib/thumb/v7-m\libc_nano.a(lib_a-memcpy-stub.o)
                0x0000000008001a70                memcpy
 .text.memmove  0x0000000008001a86       0x32 c:/st/stm32cubeide_1.4.0/stm32cubeide/plugins/com.st.stm32cube.ide.mcu.externaltools.gnu-tools-for-stm32.7-2018-q2-update.win32_1.4.0.202007081208/tools/bin/../lib/gcc/arm-none-eabi/7.3.1/../../../../arm-none-eabi/lib/thumb/v7-m\libc_nano.a(lib_a-memmove.o)
                0x0000000008001a86                memmove
 .text._free_r  0x0000000008001ab8       0x98 c:/st/stm32cubeide_1.4.0/stm32cubeide/plugins/com.st.stm32cube.ide.mcu.externaltools.gnu-tools-for-stm32.7-2018-q2-update.win32_1.4.0.202007081208/tools/bin/../lib/gcc/arm-none-eabi/7.3.1/../../../../arm-none-eabi/lib/thumb/v7-m\libc_nano.a(lib_a-nano-freer.o)
                0x0000000008001ab8                _free_r
 .text._malloc_r
                0x0000000008001b50       0xb4 c:/st/stm32cubeide_1.4.0/stm32cubeide/plugins/com.st.stm32cube.ide.mcu.externaltools.gnu-tools-for-stm32.7-2018-q2-update.win32_1.4.0.202007081208/tools/bin/../lib/gcc/arm-none-eabi/7.3.1/../../../../arm-none-eabi/lib/thumb/v7-m\libc_nano.a(lib_a-nano-mallocr.o)
                0x0000000008001b50                _malloc_r
 .text._realloc_r
                0x0000000008001c04       0x4c c:/st/stm32cubeide_1.4.0/stm32cubeide/plugins/com.st.stm32cube.ide.mcu.externaltools.gnu-tools-for-stm32.7-2018-q2-update.win32_1.4.0.202007081208/tools/bin/../lib/gcc/arm-none-eabi/7.3.1/../../../../arm-none-eabi/lib/thumb/v7-m\libc_nano.a(lib_a-nano-reallocr.o)
                0x0000000008001c04                _realloc_r
 .text._sbrk_r  0x0000000008001c50       0x20 c:/st/stm32cubeide_1.4.0/stm32cubeide/plugins/com.st.stm32cube.ide.mcu.externaltools.gnu-tools-for-stm32.7-2018-q2-update.win32_1.4.0.202007081208/tools/bin/../lib/gcc/arm-none-eabi/7.3.1/../../../../arm-none-eabi/lib/thumb/v7-m\libc_nano.a(lib_a-sbrkr.o)
                0x0000000008001c50                _sbrk_r
 .text.__malloc_lock
                0x0000000008001c70        0x2 c:/st/stm32cubeide_1.4.0/stm32cubeide/plugins/com.st.stm32cube.ide.mcu.externaltools.gnu-tools-for-stm32.7-2018-q2-update.win32_1.4.0.202007081208/tools/bin/../lib/gcc/arm-none-eabi/7.3.1/../../../../arm-none-eabi/lib/thumb/v7-m\libc_nano.a(lib_a-mlock.o)
                0x0000000008001c70                __malloc_lock
 .text.__malloc_unlock
                0x0000000008001c72        0x2 c:/st/stm32cubeide_1.4.0/stm32cubeide/plugins/com.st.stm32cube.ide.mcu.externaltools.gnu-tools-for-stm32.7-2018-q2-update.win32_1.4.0.202007081208/tools/bin/../lib/gcc/arm-none-eabi/7.3.1/../../../../arm-none-eabi/lib/thumb/v7-m\libc_nano.a(lib_a-mlock.o)
                0x0000000008001c72                __malloc_unlock
 .text._malloc_usable_size_r
                0x0000000008001c74       0x10 c:/st/stm32cubeide_1.4.0/stm32cubeide/plugins/com.st.stm32cube.ide.mcu.externaltools.gnu-tools-for-stm32.7-2018-q2-update.win32_1.4.0.202007081208/tools/bin/../lib/gcc/arm-none-eabi/7.3.1/../../../../arm-none-eabi/lib/thumb/v7-m\libc_nano.a(lib_a-nano-msizer.o)
                0x0000000008001c74                _malloc_usable_size_r
 *(.glue_7)
 .glue_7        0x0000000008001c84        0x0 linker stubs
 *(.glue_7t)
 .glue_7t       0x0000000008001c84        0x0 linker stubs
 *(.eh_frame)
 .eh_frame      0x0000000008001c84        0x0 c:/st/stm32cubeide_1.4.0/stm32cubeide/plugins/com.st.stm32cube.ide.mcu.externaltools.gnu-tools-for-stm32.7-2018-q2-update.win32_1.4.0.202007081208/tools/bin/../lib/gcc/arm-none-eabi/7.3.1/thumb/v7-m/crtbegin.o
 *(.init)
 .init          0x0000000008001c84        0x4 c:/st/stm32cubeide_1.4.0/stm32cubeide/plugins/com.st.stm32cube.ide.mcu.externaltools.gnu-tools-for-stm32.7-2018-q2-update.win32_1.4.0.202007081208/tools/bin/../lib/gcc/arm-none-eabi/7.3.1/thumb/v7-m/crti.o
                0x0000000008001c84                _init
 .init          0x0000000008001c88        0x8 c:/st/stm32cubeide_1.4.0/stm32cubeide/plugins/com.st.stm32cube.ide.mcu.externaltools.gnu-tools-for-stm32.7-2018-q2-update.win32_1.4.0.202007081208/tools/bin/../lib/gcc/arm-none-eabi/7.3.1/thumb/v7-m/crtn.o
 *(.fini)
 .fini          0x0000000008001c90        0x4 c:/st/stm32cubeide_1.4.0/stm32cubeide/plugins/com.st.stm32cube.ide.mcu.externaltools.gnu-tools-for-stm32.7-2018-q2-update.win32_1.4.0.202007081208/tools/bin/../lib/gcc/arm-none-eabi/7.3.1/thumb/v7-m/crti.o
                0x0000000008001c90                _fini
 .fini          0x0000000008001c94        0x8 c:/st/stm32cubeide_1.4.0/stm32cubeide/plugins/com.st.stm32cube.ide.mcu.externaltools.gnu-tools-for-stm32.7-2018-q2-update.win32_1.4.0.202007081208/tools/bin/../lib/gcc/arm-none-eabi/7.3.1/thumb/v7-m/crtn.o
                0x0000000008001c9c                . = ALIGN (0x4)
                0x0000000008001c9c                _etext = .

.vfp11_veneer   0x0000000008001c9c        0x0
 .vfp11_veneer  0x0000000008001c9c        0x0 linker stubs

.v4_bx          0x0000000008001c9c        0x0
 .v4_bx         0x0000000008001c9c        0x0 linker stubs

.iplt           0x0000000008001c9c        0x0
 .iplt          0x0000000008001c9c        0x0 c:/st/stm32cubeide_1.4.0/stm32cubeide/plugins/com.st.stm32cube.ide.mcu.externaltools.gnu-tools-for-stm32.7-2018-q2-update.win32_1.4.0.202007081208/tools/bin/../lib/gcc/arm-none-eabi/7.3.1/thumb/v7-m/crtbegin.o

.rodata         0x0000000008001c9c       0x9c
                0x0000000008001c9c                . = ALIGN (0x4)
 *(.rodata)
 .rodata        0x0000000008001c9c       0x5c Src/main.o
 .rodata        0x0000000008001cf8        0xc Stm32_F103C6_Drivers/LCD_DRIVER/Lcd.o
 *(.rodata*)
 .rodata._svfprintf_r.str1.1
                0x0000000008001d04       0x11 c:/st/stm32cubeide_1.4.0/stm32cubeide/plugins/com.st.stm32cube.ide.mcu.externaltools.gnu-tools-for-stm32.7-2018-q2-update.win32_1.4.0.202007081208/tools/bin/../lib/gcc/arm-none-eabi/7.3.1/../../../../arm-none-eabi/lib/thumb/v7-m\libc_nano.a(lib_a-nano-svfprintf.o)
 .rodata._printf_i.str1.1
                0x0000000008001d15       0x22 c:/st/stm32cubeide_1.4.0/stm32cubeide/plugins/com.st.stm32cube.ide.mcu.externaltools.gnu-tools-for-stm32.7-2018-q2-update.win32_1.4.0.202007081208/tools/bin/../lib/gcc/arm-none-eabi/7.3.1/../../../../arm-none-eabi/lib/thumb/v7-m\libc_nano.a(lib_a-nano-vfprintf_i.o)
                0x0000000008001d38                . = ALIGN (0x4)
 *fill*         0x0000000008001d37        0x1 

.rel.dyn        0x0000000008001d38        0x0
 .rel.iplt      0x0000000008001d38        0x0 c:/st/stm32cubeide_1.4.0/stm32cubeide/plugins/com.st.stm32cube.ide.mcu.externaltools.gnu-tools-for-stm32.7-2018-q2-update.win32_1.4.0.202007081208/tools/bin/../lib/gcc/arm-none-eabi/7.3.1/thumb/v7-m/crtbegin.o

.ARM.extab      0x0000000008001d38        0x0
                0x0000000008001d38                . = ALIGN (0x4)
 *(.ARM.extab* .gnu.linkonce.armextab.*)
                0x0000000008001d38                . = ALIGN (0x4)

.ARM            0x0000000008001d38        0x0
                0x0000000008001d38                . = ALIGN (0x4)
                0x0000000008001d38                __exidx_start = .
 *(.ARM.exidx*)
                0x0000000008001d38                __exidx_end = .
                0x0000000008001d38                . = ALIGN (0x4)

.preinit_array  0x0000000008001d38        0x0
                0x0000000008001d38                . = ALIGN (0x4)
                0x0000000008001d38                PROVIDE (__preinit_array_start = .)
 *(.preinit_array*)
                0x0000000008001d38                PROVIDE (__preinit_array_end = .)
                0x0000000008001d38                . = ALIGN (0x4)

.init_array     0x0000000008001d38        0x4
                0x0000000008001d38                . = ALIGN (0x4)
                0x0000000008001d38                PROVIDE (__init_array_start = .)
 *(SORT_BY_NAME(.init_array.*))
 *(.init_array*)
 .init_array    0x0000000008001d38        0x4 c:/st/stm32cubeide_1.4.0/stm32cubeide/plugins/com.st.stm32cube.ide.mcu.externaltools.gnu-tools-for-stm32.7-2018-q2-update.win32_1.4.0.202007081208/tools/bin/../lib/gcc/arm-none-eabi/7.3.1/thumb/v7-m/crtbegin.o
                0x0000000008001d3c                PROVIDE (__init_array_end = .)
                0x0000000008001d3c                . = ALIGN (0x4)

.fini_array     0x0000000008001d3c        0x4
                0x0000000008001d3c                . = ALIGN (0x4)
                [!provide]                        PROVIDE (__fini_array_start = .)
 *(SORT_BY_NAME(.fini_array.*))
 *(.fini_array*)
 .fini_array    0x0000000008001d3c        0x4 c:/st/stm32cubeide_1.4.0/stm32cubeide/plugins/com.st.stm32cube.ide.mcu.externaltools.gnu-tools-for-stm32.7-2018-q2-update.win32_1.4.0.202007081208/tools/bin/../lib/gcc/arm-none-eabi/7.3.1/thumb/v7-m/crtbegin.o
                [!provide]                        PROVIDE (__fini_array_end = .)
                0x0000000008001d40                . = ALIGN (0x4)
                0x0000000008001d40                _sidata = LOADADDR (.data)

.data           0x0000000020000000       0x74 load address 0x0000000008001d40
                0x0000000020000000                . = ALIGN (0x4)
                0x0000000020000000                _sdata = .
 *(.data)
 *(.data*)
 .data.Rows_KeyPad
                0x0000000020000000        0x8 Stm32_F103C6_Drivers/KEYPAD_DRIVER/KeyPad.o
                0x0000000020000000                Rows_KeyPad
 .data.Cols_KeyPad
                0x0000000020000008        0x8 Stm32_F103C6_Drivers/KEYPAD_DRIVER/KeyPad.o
                0x0000000020000008                Cols_KeyPad
 .data._impure_ptr
                0x0000000020000010        0x4 c:/st/stm32cubeide_1.4.0/stm32cubeide/plugins/com.st.stm32cube.ide.mcu.externaltools.gnu-tools-for-stm32.7-2018-q2-update.win32_1.4.0.202007081208/tools/bin/../lib/gcc/arm-none-eabi/7.3.1/../../../../arm-none-eabi/lib/thumb/v7-m\libc_nano.a(lib_a-impure.o)
                0x0000000020000010                _impure_ptr
 .data.impure_data
                0x0000000020000014       0x60 c:/st/stm32cubeide_1.4.0/stm32cubeide/plugins/com.st.stm32cube.ide.mcu.externaltools.gnu-tools-for-stm32.7-2018-q2-update.win32_1.4.0.202007081208/tools/bin/../lib/gcc/arm-none-eabi/7.3.1/../../../../arm-none-eabi/lib/thumb/v7-m\libc_nano.a(lib_a-impure.o)
                0x0000000020000074                . = ALIGN (0x4)
                0x0000000020000074                _edata = .

.igot.plt       0x0000000020000074        0x0 load address 0x0000000008001db4
 .igot.plt      0x0000000020000074        0x0 c:/st/stm32cubeide_1.4.0/stm32cubeide/plugins/com.st.stm32cube.ide.mcu.externaltools.gnu-tools-for-stm32.7-2018-q2-update.win32_1.4.0.202007081208/tools/bin/../lib/gcc/arm-none-eabi/7.3.1/thumb/v7-m/crtbegin.o
                0x0000000020000074                . = ALIGN (0x4)

.bss            0x0000000020000074       0x30 load address 0x0000000008001db4
                0x0000000020000074                _sbss = .
                0x0000000020000074                __bss_start__ = _sbss
 *(.bss)
 .bss           0x0000000020000074       0x1c c:/st/stm32cubeide_1.4.0/stm32cubeide/plugins/com.st.stm32cube.ide.mcu.externaltools.gnu-tools-for-stm32.7-2018-q2-update.win32_1.4.0.202007081208/tools/bin/../lib/gcc/arm-none-eabi/7.3.1/thumb/v7-m/crtbegin.o
 *(.bss*)
 .bss.__sbrk_heap_end
                0x0000000020000090        0x4 Src/sysmem.o
 .bss.__malloc_free_list
                0x0000000020000094        0x4 c:/st/stm32cubeide_1.4.0/stm32cubeide/plugins/com.st.stm32cube.ide.mcu.externaltools.gnu-tools-for-stm32.7-2018-q2-update.win32_1.4.0.202007081208/tools/bin/../lib/gcc/arm-none-eabi/7.3.1/../../../../arm-none-eabi/lib/thumb/v7-m\libc_nano.a(lib_a-nano-mallocr.o)
                0x0000000020000094                __malloc_free_list
 .bss.__malloc_sbrk_start
                0x0000000020000098        0x4 c:/st/stm32cubeide_1.4.0/stm32cubeide/plugins/com.st.stm32cube.ide.mcu.externaltools.gnu-tools-for-stm32.7-2018-q2-update.win32_1.4.0.202007081208/tools/bin/../lib/gcc/arm-none-eabi/7.3.1/../../../../arm-none-eabi/lib/thumb/v7-m\libc_nano.a(lib_a-nano-mallocr.o)
                0x0000000020000098                __malloc_sbrk_start
 *(COMMON)
 COMMON         0x000000002000009c        0x4 Src/main.o
                0x000000002000009c                PinConfig
 COMMON         0x00000000200000a0        0x4 c:/st/stm32cubeide_1.4.0/stm32cubeide/plugins/com.st.stm32cube.ide.mcu.externaltools.gnu-tools-for-stm32.7-2018-q2-update.win32_1.4.0.202007081208/tools/bin/../lib/gcc/arm-none-eabi/7.3.1/../../../../arm-none-eabi/lib/thumb/v7-m\libc_nano.a(lib_a-reent.o)
                0x00000000200000a0                errno
                0x00000000200000a4                . = ALIGN (0x4)
                0x00000000200000a4                _ebss = .
                0x00000000200000a4                __bss_end__ = _ebss

._user_heap_stack
                0x00000000200000a4      0x604 load address 0x0000000008001db4
                0x00000000200000a8                . = ALIGN (0x8)
 *fill*         0x00000000200000a4        0x4 
                [!provide]                        PROVIDE (end = .)
                0x00000000200000a8                PROVIDE (_end = .)
                0x00000000200002a8                . = (. + _Min_Heap_Size)
 *fill*         0x00000000200000a8      0x200 
                0x00000000200006a8                . = (. + _Min_Stack_Size)
 *fill*         0x00000000200002a8      0x400 
                0x00000000200006a8                . = ALIGN (0x8)

/DISCARD/
 libc.a(*)
 libm.a(*)
 libgcc.a(*)

.ARM.attributes
                0x0000000000000000       0x29
 *(.ARM.attributes)
 .ARM.attributes
                0x0000000000000000       0x1d c:/st/stm32cubeide_1.4.0/stm32cubeide/plugins/com.st.stm32cube.ide.mcu.externaltools.gnu-tools-for-stm32.7-2018-q2-update.win32_1.4.0.202007081208/tools/bin/../lib/gcc/arm-none-eabi/7.3.1/thumb/v7-m/crti.o
 .ARM.attributes
                0x000000000000001d       0x2d c:/st/stm32cubeide_1.4.0/stm32cubeide/plugins/com.st.stm32cube.ide.mcu.externaltools.gnu-tools-for-stm32.7-2018-q2-update.win32_1.4.0.202007081208/tools/bin/../lib/gcc/arm-none-eabi/7.3.1/thumb/v7-m/crtbegin.o
 .ARM.attributes
                0x000000000000004a       0x33 Src/main.o
 .ARM.attributes
                0x000000000000007d       0x33 Src/sysmem.o
 .ARM.attributes
                0x00000000000000b0       0x21 Startup/startup_stm32f103c6tx.o
 .ARM.attributes
                0x00000000000000d1       0x33 Stm32_F103C6_Drivers/GPIO_DRIVER/Stm32F103C6_GPIO_Driver.o
 .ARM.attributes
                0x0000000000000104       0x33 Stm32_F103C6_Drivers/KEYPAD_DRIVER/KeyPad.o
 .ARM.attributes
                0x0000000000000137       0x33 Stm32_F103C6_Drivers/LCD_DRIVER/Lcd.o
 .ARM.attributes
                0x000000000000016a       0x33 Stm32_F103C6_Drivers/Seven_Segment_DRIVER/Seven_Segment.o
 .ARM.attributes
                0x000000000000019d       0x2d c:/st/stm32cubeide_1.4.0/stm32cubeide/plugins/com.st.stm32cube.ide.mcu.externaltools.gnu-tools-for-stm32.7-2018-q2-update.win32_1.4.0.202007081208/tools/bin/../lib/gcc/arm-none-eabi/7.3.1/../../../../arm-none-eabi/lib/thumb/v7-m\libc_nano.a(lib_a-errno.o)
 .ARM.attributes
                0x00000000000001ca       0x2d c:/st/stm32cubeide_1.4.0/stm32cubeide/plugins/com.st.stm32cube.ide.mcu.externaltools.gnu-tools-for-stm32.7-2018-q2-update.win32_1.4.0.202007081208/tools/bin/../lib/gcc/arm-none-eabi/7.3.1/../../../../arm-none-eabi/lib/thumb/v7-m\libc_nano.a(lib_a-impure.o)
 .ARM.attributes
                0x00000000000001f7       0x2d c:/st/stm32cubeide_1.4.0/stm32cubeide/plugins/com.st.stm32cube.ide.mcu.externaltools.gnu-tools-for-stm32.7-2018-q2-update.win32_1.4.0.202007081208/tools/bin/../lib/gcc/arm-none-eabi/7.3.1/../../../../arm-none-eabi/lib/thumb/v7-m\libc_nano.a(lib_a-init.o)
 .ARM.attributes
                0x0000000000000224       0x2d c:/st/stm32cubeide_1.4.0/stm32cubeide/plugins/com.st.stm32cube.ide.mcu.externaltools.gnu-tools-for-stm32.7-2018-q2-update.win32_1.4.0.202007081208/tools/bin/../lib/gcc/arm-none-eabi/7.3.1/../../../../arm-none-eabi/lib/thumb/v7-m\libc_nano.a(lib_a-sprintf.o)
 .ARM.attributes
                0x0000000000000251       0x2d c:/st/stm32cubeide_1.4.0/stm32cubeide/plugins/com.st.stm32cube.ide.mcu.externaltools.gnu-tools-for-stm32.7-2018-q2-update.win32_1.4.0.202007081208/tools/bin/../lib/gcc/arm-none-eabi/7.3.1/../../../../arm-none-eabi/lib/thumb/v7-m\libc_nano.a(lib_a-nano-svfprintf.o)
 .ARM.attributes
                0x000000000000027e       0x2d c:/st/stm32cubeide_1.4.0/stm32cubeide/plugins/com.st.stm32cube.ide.mcu.externaltools.gnu-tools-for-stm32.7-2018-q2-update.win32_1.4.0.202007081208/tools/bin/../lib/gcc/arm-none-eabi/7.3.1/../../../../arm-none-eabi/lib/thumb/v7-m\libc_nano.a(lib_a-nano-vfprintf_i.o)
 .ARM.attributes
                0x00000000000002ab       0x2d c:/st/stm32cubeide_1.4.0/stm32cubeide/plugins/com.st.stm32cube.ide.mcu.externaltools.gnu-tools-for-stm32.7-2018-q2-update.win32_1.4.0.202007081208/tools/bin/../lib/gcc/arm-none-eabi/7.3.1/../../../../arm-none-eabi/lib/thumb/v7-m\libc_nano.a(lib_a-memchr-stub.o)
 .ARM.attributes
                0x00000000000002d8       0x2d c:/st/stm32cubeide_1.4.0/stm32cubeide/plugins/com.st.stm32cube.ide.mcu.externaltools.gnu-tools-for-stm32.7-2018-q2-update.win32_1.4.0.202007081208/tools/bin/../lib/gcc/arm-none-eabi/7.3.1/../../../../arm-none-eabi/lib/thumb/v7-m\libc_nano.a(lib_a-memcpy-stub.o)
 .ARM.attributes
                0x0000000000000305       0x2d c:/st/stm32cubeide_1.4.0/stm32cubeide/plugins/com.st.stm32cube.ide.mcu.externaltools.gnu-tools-for-stm32.7-2018-q2-update.win32_1.4.0.202007081208/tools/bin/../lib/gcc/arm-none-eabi/7.3.1/../../../../arm-none-eabi/lib/thumb/v7-m\libc_nano.a(lib_a-memmove.o)
 .ARM.attributes
                0x0000000000000332       0x2d c:/st/stm32cubeide_1.4.0/stm32cubeide/plugins/com.st.stm32cube.ide.mcu.externaltools.gnu-tools-for-stm32.7-2018-q2-update.win32_1.4.0.202007081208/tools/bin/../lib/gcc/arm-none-eabi/7.3.1/../../../../arm-none-eabi/lib/thumb/v7-m\libc_nano.a(lib_a-nano-freer.o)
 .ARM.attributes
                0x000000000000035f       0x2d c:/st/stm32cubeide_1.4.0/stm32cubeide/plugins/com.st.stm32cube.ide.mcu.externaltools.gnu-tools-for-stm32.7-2018-q2-update.win32_1.4.0.202007081208/tools/bin/../lib/gcc/arm-none-eabi/7.3.1/../../../../arm-none-eabi/lib/thumb/v7-m\libc_nano.a(lib_a-nano-mallocr.o)
 .ARM.attributes
                0x000000000000038c       0x2d c:/st/stm32cubeide_1.4.0/stm32cubeide/plugins/com.st.stm32cube.ide.mcu.externaltools.gnu-tools-for-stm32.7-2018-q2-update.win32_1.4.0.202007081208/tools/bin/../lib/gcc/arm-none-eabi/7.3.1/../../../../arm-none-eabi/lib/thumb/v7-m\libc_nano.a(lib_a-nano-reallocr.o)
 .ARM.attributes
                0x00000000000003b9       0x2d c:/st/stm32cubeide_1.4.0/stm32cubeide/plugins/com.st.stm32cube.ide.mcu.externaltools.gnu-tools-for-stm32.7-2018-q2-update.win32_1.4.0.202007081208/tools/bin/../lib/gcc/arm-none-eabi/7.3.1/../../../../arm-none-eabi/lib/thumb/v7-m\libc_nano.a(lib_a-sbrkr.o)
 .ARM.attributes
                0x00000000000003e6       0x2d c:/st/stm32cubeide_1.4.0/stm32cubeide/plugins/com.st.stm32cube.ide.mcu.externaltools.gnu-tools-for-stm32.7-2018-q2-update.win32_1.4.0.202007081208/tools/bin/../lib/gcc/arm-none-eabi/7.3.1/../../../../arm-none-eabi/lib/thumb/v7-m\libc_nano.a(lib_a-mlock.o)
 .ARM.attributes
                0x0000000000000413       0x2d c:/st/stm32cubeide_1.4.0/stm32cubeide/plugins/com.st.stm32cube.ide.mcu.externaltools.gnu-tools-for-stm32.7-2018-q2-update.win32_1.4.0.202007081208/tools/bin/../lib/gcc/arm-none-eabi/7.3.1/../../../../arm-none-eabi/lib/thumb/v7-m\libc_nano.a(lib_a-nano-msizer.o)
 .ARM.attributes
                0x0000000000000440       0x2d c:/st/stm32cubeide_1.4.0/stm32cubeide/plugins/com.st.stm32cube.ide.mcu.externaltools.gnu-tools-for-stm32.7-2018-q2-update.win32_1.4.0.202007081208/tools/bin/../lib/gcc/arm-none-eabi/7.3.1/../../../../arm-none-eabi/lib/thumb/v7-m\libc_nano.a(lib_a-reent.o)
 .ARM.attributes
                0x000000000000046d       0x1d c:/st/stm32cubeide_1.4.0/stm32cubeide/plugins/com.st.stm32cube.ide.mcu.externaltools.gnu-tools-for-stm32.7-2018-q2-update.win32_1.4.0.202007081208/tools/bin/../lib/gcc/arm-none-eabi/7.3.1/thumb/v7-m\libgcc.a(_arm_addsubsf3.o)
 .ARM.attributes
                0x000000000000048a       0x1d c:/st/stm32cubeide_1.4.0/stm32cubeide/plugins/com.st.stm32cube.ide.mcu.externaltools.gnu-tools-for-stm32.7-2018-q2-update.win32_1.4.0.202007081208/tools/bin/../lib/gcc/arm-none-eabi/7.3.1/thumb/v7-m\libgcc.a(_arm_muldivsf3.o)
 .ARM.attributes
                0x00000000000004a7       0x1d c:/st/stm32cubeide_1.4.0/stm32cubeide/plugins/com.st.stm32cube.ide.mcu.externaltools.gnu-tools-for-stm32.7-2018-q2-update.win32_1.4.0.202007081208/tools/bin/../lib/gcc/arm-none-eabi/7.3.1/thumb/v7-m\libgcc.a(_arm_cmpsf2.o)
 .ARM.attributes
                0x00000000000004c4       0x1d c:/st/stm32cubeide_1.4.0/stm32cubeide/plugins/com.st.stm32cube.ide.mcu.externaltools.gnu-tools-for-stm32.7-2018-q2-update.win32_1.4.0.202007081208/tools/bin/../lib/gcc/arm-none-eabi/7.3.1/thumb/v7-m\libgcc.a(_arm_fixsfsi.o)
 .ARM.attributes
                0x00000000000004e1       0x1d c:/st/stm32cubeide_1.4.0/stm32cubeide/plugins/com.st.stm32cube.ide.mcu.externaltools.gnu-tools-for-stm32.7-2018-q2-update.win32_1.4.0.202007081208/tools/bin/../lib/gcc/arm-none-eabi/7.3.1/thumb/v7-m/crtn.o
OUTPUT(Drivers1.elf elf32-littlearm)

.debug_info     0x0000000000000000     0x472f
 .debug_info    0x0000000000000000      0xbbb Src/main.o
 .debug_info    0x0000000000000bbb      0xa7c Src/sysmem.o
 .debug_info    0x0000000000001637       0x22 Startup/startup_stm32f103c6tx.o
 .debug_info    0x0000000000001659      0xd59 Stm32_F103C6_Drivers/GPIO_DRIVER/Stm32F103C6_GPIO_Driver.o
 .debug_info    0x00000000000023b2      0xbaa Stm32_F103C6_Drivers/KEYPAD_DRIVER/KeyPad.o
 .debug_info    0x0000000000002f5c      0xce1 Stm32_F103C6_Drivers/LCD_DRIVER/Lcd.o
 .debug_info    0x0000000000003c3d      0xaf2 Stm32_F103C6_Drivers/Seven_Segment_DRIVER/Seven_Segment.o

.debug_abbrev   0x0000000000000000      0xb5f
 .debug_abbrev  0x0000000000000000      0x201 Src/main.o
 .debug_abbrev  0x0000000000000201      0x18e Src/sysmem.o
 .debug_abbrev  0x000000000000038f       0x12 Startup/startup_stm32f103c6tx.o
 .debug_abbrev  0x00000000000003a1      0x232 Stm32_F103C6_Drivers/GPIO_DRIVER/Stm32F103C6_GPIO_Driver.o
 .debug_abbrev  0x00000000000005d3      0x1f2 Stm32_F103C6_Drivers/KEYPAD_DRIVER/KeyPad.o
 .debug_abbrev  0x00000000000007c5      0x1f6 Stm32_F103C6_Drivers/LCD_DRIVER/Lcd.o
 .debug_abbrev  0x00000000000009bb      0x1a4 Stm32_F103C6_Drivers/Seven_Segment_DRIVER/Seven_Segment.o

.debug_loc      0x0000000000000000      0x90c
 .debug_loc     0x0000000000000000       0xd8 Src/main.o
 .debug_loc     0x00000000000000d8       0x50 Src/sysmem.o
 .debug_loc     0x0000000000000128      0x330 Stm32_F103C6_Drivers/GPIO_DRIVER/Stm32F103C6_GPIO_Driver.o
 .debug_loc     0x0000000000000458       0xfc Stm32_F103C6_Drivers/KEYPAD_DRIVER/KeyPad.o
 .debug_loc     0x0000000000000554      0x318 Stm32_F103C6_Drivers/LCD_DRIVER/Lcd.o
 .debug_loc     0x000000000000086c       0xa0 Stm32_F103C6_Drivers/Seven_Segment_DRIVER/Seven_Segment.o

.debug_aranges  0x0000000000000000      0x1a8
 .debug_aranges
                0x0000000000000000       0x30 Src/main.o
 .debug_aranges
                0x0000000000000030       0x20 Src/sysmem.o
 .debug_aranges
                0x0000000000000050       0x28 Startup/startup_stm32f103c6tx.o
 .debug_aranges
                0x0000000000000078       0x60 Stm32_F103C6_Drivers/GPIO_DRIVER/Stm32F103C6_GPIO_Driver.o
 .debug_aranges
                0x00000000000000d8       0x30 Stm32_F103C6_Drivers/KEYPAD_DRIVER/KeyPad.o
 .debug_aranges
                0x0000000000000108       0x78 Stm32_F103C6_Drivers/LCD_DRIVER/Lcd.o
 .debug_aranges
                0x0000000000000180       0x28 Stm32_F103C6_Drivers/Seven_Segment_DRIVER/Seven_Segment.o

.debug_ranges   0x0000000000000000      0x140
 .debug_ranges  0x0000000000000000       0x20 Src/main.o
 .debug_ranges  0x0000000000000020       0x10 Src/sysmem.o
 .debug_ranges  0x0000000000000030       0x20 Startup/startup_stm32f103c6tx.o
 .debug_ranges  0x0000000000000050       0x50 Stm32_F103C6_Drivers/GPIO_DRIVER/Stm32F103C6_GPIO_Driver.o
 .debug_ranges  0x00000000000000a0       0x20 Stm32_F103C6_Drivers/KEYPAD_DRIVER/KeyPad.o
 .debug_ranges  0x00000000000000c0       0x68 Stm32_F103C6_Drivers/LCD_DRIVER/Lcd.o
 .debug_ranges  0x0000000000000128       0x18 Stm32_F103C6_Drivers/Seven_Segment_DRIVER/Seven_Segment.o

.debug_macro    0x0000000000000000     0x2624
 .debug_macro   0x0000000000000000      0x172 Src/main.o
 .debug_macro   0x0000000000000172      0xa60 Src/main.o
 .debug_macro   0x0000000000000bd2       0x18 Src/main.o
 .debug_macro   0x0000000000000bea       0x22 Src/main.o
 .debug_macro   0x0000000000000c0c       0x40 Src/main.o
 .debug_macro   0x0000000000000c4c       0x94 Src/main.o
 .debug_macro   0x0000000000000ce0       0x3c Src/main.o
 .debug_macro   0x0000000000000d1c       0x34 Src/main.o
 .debug_macro   0x0000000000000d50       0x16 Src/main.o
 .debug_macro   0x0000000000000d66      0x10e Src/main.o
 .debug_macro   0x0000000000000e74       0x8d Src/main.o
 .debug_macro   0x0000000000000f01       0x57 Src/main.o
 .debug_macro   0x0000000000000f58       0x52 Src/main.o
 .debug_macro   0x0000000000000faa       0x1f Src/main.o
 .debug_macro   0x0000000000000fc9       0x43 Src/main.o
 .debug_macro   0x000000000000100c       0x20 Src/main.o
 .debug_macro   0x000000000000102c      0x1a3 Src/main.o
 .debug_macro   0x00000000000011cf      0x330 Src/main.o
 .debug_macro   0x00000000000014ff       0x16 Src/main.o
 .debug_macro   0x0000000000001515       0x29 Src/main.o
 .debug_macro   0x000000000000153e       0xef Src/main.o
 .debug_macro   0x000000000000162d       0x6a Src/main.o
 .debug_macro   0x0000000000001697      0x1df Src/main.o
 .debug_macro   0x0000000000001876       0xce Src/main.o
 .debug_macro   0x0000000000001944       0xd0 Src/main.o
 .debug_macro   0x0000000000001a14       0x94 Src/main.o
 .debug_macro   0x0000000000001aa8       0x3a Src/main.o
 .debug_macro   0x0000000000001ae2       0x46 Src/main.o
 .debug_macro   0x0000000000001b28       0xee Src/sysmem.o
 .debug_macro   0x0000000000001c16      0x23b Src/sysmem.o
 .debug_macro   0x0000000000001e51      0x13f Stm32_F103C6_Drivers/GPIO_DRIVER/Stm32F103C6_GPIO_Driver.o
 .debug_macro   0x0000000000001f90       0xce Stm32_F103C6_Drivers/GPIO_DRIVER/Stm32F103C6_GPIO_Driver.o
 .debug_macro   0x000000000000205e      0x148 Stm32_F103C6_Drivers/KEYPAD_DRIVER/KeyPad.o
 .debug_macro   0x00000000000021a6       0xd6 Stm32_F103C6_Drivers/KEYPAD_DRIVER/KeyPad.o
 .debug_macro   0x000000000000227c      0x142 Stm32_F103C6_Drivers/LCD_DRIVER/Lcd.o
 .debug_macro   0x00000000000023be       0xd4 Stm32_F103C6_Drivers/LCD_DRIVER/Lcd.o
 .debug_macro   0x0000000000002492      0x152 Stm32_F103C6_Drivers/Seven_Segment_DRIVER/Seven_Segment.o
 .debug_macro   0x00000000000025e4       0x40 Stm32_F103C6_Drivers/Seven_Segment_DRIVER/Seven_Segment.o

.debug_line     0x0000000000000000     0x2740
 .debug_line    0x0000000000000000      0x780 Src/main.o
 .debug_line    0x0000000000000780      0x4c2 Src/sysmem.o
 .debug_line    0x0000000000000c42       0x84 Startup/startup_stm32f103c6tx.o
 .debug_line    0x0000000000000cc6      0x685 Stm32_F103C6_Drivers/GPIO_DRIVER/Stm32F103C6_GPIO_Driver.o
 .debug_line    0x000000000000134b      0x6e5 Stm32_F103C6_Drivers/KEYPAD_DRIVER/KeyPad.o
 .debug_line    0x0000000000001a30      0x6f8 Stm32_F103C6_Drivers/LCD_DRIVER/Lcd.o
 .debug_line    0x0000000000002128      0x618 Stm32_F103C6_Drivers/Seven_Segment_DRIVER/Seven_Segment.o

.debug_str      0x0000000000000000     0x826c
 .debug_str     0x0000000000000000     0x79c1 Src/main.o
                                       0x7c2f (size before relaxing)
 .debug_str     0x00000000000079c1      0x4e4 Src/sysmem.o
                                       0x5f40 (size before relaxing)
 .debug_str     0x0000000000007ea5       0x31 Startup/startup_stm32f103c6tx.o
                                         0x63 (size before relaxing)
 .debug_str     0x0000000000007ed6      0x156 Stm32_F103C6_Drivers/GPIO_DRIVER/Stm32F103C6_GPIO_Driver.o
                                       0x79af (size before relaxing)
 .debug_str     0x000000000000802c       0x75 Stm32_F103C6_Drivers/KEYPAD_DRIVER/KeyPad.o
                                       0x792a (size before relaxing)
 .debug_str     0x00000000000080a1      0x156 Stm32_F103C6_Drivers/LCD_DRIVER/Lcd.o
                                       0x7c02 (size before relaxing)
 .debug_str     0x00000000000081f7       0x75 Stm32_F103C6_Drivers/Seven_Segment_DRIVER/Seven_Segment.o
                                       0x7931 (size before relaxing)

.comment        0x0000000000000000       0x7b
 .comment       0x0000000000000000       0x7b Src/main.o
                                         0x7c (size before relaxing)
 .comment       0x000000000000007b       0x7c Src/sysmem.o
 .comment       0x000000000000007b       0x7c Stm32_F103C6_Drivers/GPIO_DRIVER/Stm32F103C6_GPIO_Driver.o
 .comment       0x000000000000007b       0x7c Stm32_F103C6_Drivers/KEYPAD_DRIVER/KeyPad.o
 .comment       0x000000000000007b       0x7c Stm32_F103C6_Drivers/LCD_DRIVER/Lcd.o
 .comment       0x000000000000007b       0x7c Stm32_F103C6_Drivers/Seven_Segment_DRIVER/Seven_Segment.o

.debug_frame    0x0000000000000000      0x9a0
 .debug_frame   0x0000000000000000       0x78 Src/main.o
 .debug_frame   0x0000000000000078       0x34 Src/sysmem.o
 .debug_frame   0x00000000000000ac      0x178 Stm32_F103C6_Drivers/GPIO_DRIVER/Stm32F103C6_GPIO_Driver.o
 .debug_frame   0x0000000000000224       0x80 Stm32_F103C6_Drivers/KEYPAD_DRIVER/KeyPad.o
 .debug_frame   0x00000000000002a4      0x19c Stm32_F103C6_Drivers/LCD_DRIVER/Lcd.o
 .debug_frame   0x0000000000000440       0x58 Stm32_F103C6_Drivers/Seven_Segment_DRIVER/Seven_Segment.o
 .debug_frame   0x0000000000000498       0x20 c:/st/stm32cubeide_1.4.0/stm32cubeide/plugins/com.st.stm32cube.ide.mcu.externaltools.gnu-tools-for-stm32.7-2018-q2-update.win32_1.4.0.202007081208/tools/bin/../lib/gcc/arm-none-eabi/7.3.1/../../../../arm-none-eabi/lib/thumb/v7-m\libc_nano.a(lib_a-errno.o)
 .debug_frame   0x00000000000004b8       0x2c c:/st/stm32cubeide_1.4.0/stm32cubeide/plugins/com.st.stm32cube.ide.mcu.externaltools.gnu-tools-for-stm32.7-2018-q2-update.win32_1.4.0.202007081208/tools/bin/../lib/gcc/arm-none-eabi/7.3.1/../../../../arm-none-eabi/lib/thumb/v7-m\libc_nano.a(lib_a-init.o)
 .debug_frame   0x00000000000004e4       0x6c c:/st/stm32cubeide_1.4.0/stm32cubeide/plugins/com.st.stm32cube.ide.mcu.externaltools.gnu-tools-for-stm32.7-2018-q2-update.win32_1.4.0.202007081208/tools/bin/../lib/gcc/arm-none-eabi/7.3.1/../../../../arm-none-eabi/lib/thumb/v7-m\libc_nano.a(lib_a-sprintf.o)
 .debug_frame   0x0000000000000550       0x90 c:/st/stm32cubeide_1.4.0/stm32cubeide/plugins/com.st.stm32cube.ide.mcu.externaltools.gnu-tools-for-stm32.7-2018-q2-update.win32_1.4.0.202007081208/tools/bin/../lib/gcc/arm-none-eabi/7.3.1/../../../../arm-none-eabi/lib/thumb/v7-m\libc_nano.a(lib_a-nano-svfprintf.o)
 .debug_frame   0x00000000000005e0       0x60 c:/st/stm32cubeide_1.4.0/stm32cubeide/plugins/com.st.stm32cube.ide.mcu.externaltools.gnu-tools-for-stm32.7-2018-q2-update.win32_1.4.0.202007081208/tools/bin/../lib/gcc/arm-none-eabi/7.3.1/../../../../arm-none-eabi/lib/thumb/v7-m\libc_nano.a(lib_a-nano-vfprintf_i.o)
 .debug_frame   0x0000000000000640       0x28 c:/st/stm32cubeide_1.4.0/stm32cubeide/plugins/com.st.stm32cube.ide.mcu.externaltools.gnu-tools-for-stm32.7-2018-q2-update.win32_1.4.0.202007081208/tools/bin/../lib/gcc/arm-none-eabi/7.3.1/../../../../arm-none-eabi/lib/thumb/v7-m\libc_nano.a(lib_a-memchr-stub.o)
 .debug_frame   0x0000000000000668       0x28 c:/st/stm32cubeide_1.4.0/stm32cubeide/plugins/com.st.stm32cube.ide.mcu.externaltools.gnu-tools-for-stm32.7-2018-q2-update.win32_1.4.0.202007081208/tools/bin/../lib/gcc/arm-none-eabi/7.3.1/../../../../arm-none-eabi/lib/thumb/v7-m\libc_nano.a(lib_a-memcpy-stub.o)
 .debug_frame   0x0000000000000690       0x28 c:/st/stm32cubeide_1.4.0/stm32cubeide/plugins/com.st.stm32cube.ide.mcu.externaltools.gnu-tools-for-stm32.7-2018-q2-update.win32_1.4.0.202007081208/tools/bin/../lib/gcc/arm-none-eabi/7.3.1/../../../../arm-none-eabi/lib/thumb/v7-m\libc_nano.a(lib_a-memmove.o)
 .debug_frame   0x00000000000006b8       0x38 c:/st/stm32cubeide_1.4.0/stm32cubeide/plugins/com.st.stm32cube.ide.mcu.externaltools.gnu-tools-for-stm32.7-2018-q2-update.win32_1.4.0.202007081208/tools/bin/../lib/gcc/arm-none-eabi/7.3.1/../../../../arm-none-eabi/lib/thumb/v7-m\libc_nano.a(lib_a-nano-freer.o)
 .debug_frame   0x00000000000006f0       0x2c c:/st/stm32cubeide_1.4.0/stm32cubeide/plugins/com.st.stm32cube.ide.mcu.externaltools.gnu-tools-for-stm32.7-2018-q2-update.win32_1.4.0.202007081208/tools/bin/../lib/gcc/arm-none-eabi/7.3.1/../../../../arm-none-eabi/lib/thumb/v7-m\libc_nano.a(lib_a-nano-mallocr.o)
 .debug_frame   0x000000000000071c       0x3c c:/st/stm32cubeide_1.4.0/stm32cubeide/plugins/com.st.stm32cube.ide.mcu.externaltools.gnu-tools-for-stm32.7-2018-q2-update.win32_1.4.0.202007081208/tools/bin/../lib/gcc/arm-none-eabi/7.3.1/../../../../arm-none-eabi/lib/thumb/v7-m\libc_nano.a(lib_a-nano-reallocr.o)
 .debug_frame   0x0000000000000758       0x2c c:/st/stm32cubeide_1.4.0/stm32cubeide/plugins/com.st.stm32cube.ide.mcu.externaltools.gnu-tools-for-stm32.7-2018-q2-update.win32_1.4.0.202007081208/tools/bin/../lib/gcc/arm-none-eabi/7.3.1/../../../../arm-none-eabi/lib/thumb/v7-m\libc_nano.a(lib_a-sbrkr.o)
 .debug_frame   0x0000000000000784       0x30 c:/st/stm32cubeide_1.4.0/stm32cubeide/plugins/com.st.stm32cube.ide.mcu.externaltools.gnu-tools-for-stm32.7-2018-q2-update.win32_1.4.0.202007081208/tools/bin/../lib/gcc/arm-none-eabi/7.3.1/../../../../arm-none-eabi/lib/thumb/v7-m\libc_nano.a(lib_a-mlock.o)
 .debug_frame   0x00000000000007b4       0x20 c:/st/stm32cubeide_1.4.0/stm32cubeide/plugins/com.st.stm32cube.ide.mcu.externaltools.gnu-tools-for-stm32.7-2018-q2-update.win32_1.4.0.202007081208/tools/bin/../lib/gcc/arm-none-eabi/7.3.1/../../../../arm-none-eabi/lib/thumb/v7-m\libc_nano.a(lib_a-nano-msizer.o)
 .debug_frame   0x00000000000007d4       0x5c c:/st/stm32cubeide_1.4.0/stm32cubeide/plugins/com.st.stm32cube.ide.mcu.externaltools.gnu-tools-for-stm32.7-2018-q2-update.win32_1.4.0.202007081208/tools/bin/../lib/gcc/arm-none-eabi/7.3.1/../../../../arm-none-eabi/lib/thumb/v7-m\libc_nano.a(lib_a-reent.o)
 .debug_frame   0x0000000000000830       0x4c c:/st/stm32cubeide_1.4.0/stm32cubeide/plugins/com.st.stm32cube.ide.mcu.externaltools.gnu-tools-for-stm32.7-2018-q2-update.win32_1.4.0.202007081208/tools/bin/../lib/gcc/arm-none-eabi/7.3.1/thumb/v7-m\libgcc.a(_arm_addsubsf3.o)
 .debug_frame   0x000000000000087c       0x38 c:/st/stm32cubeide_1.4.0/stm32cubeide/plugins/com.st.stm32cube.ide.mcu.externaltools.gnu-tools-for-stm32.7-2018-q2-update.win32_1.4.0.202007081208/tools/bin/../lib/gcc/arm-none-eabi/7.3.1/thumb/v7-m\libgcc.a(_arm_muldivsf3.o)
 .debug_frame   0x00000000000008b4       0xc8 c:/st/stm32cubeide_1.4.0/stm32cubeide/plugins/com.st.stm32cube.ide.mcu.externaltools.gnu-tools-for-stm32.7-2018-q2-update.win32_1.4.0.202007081208/tools/bin/../lib/gcc/arm-none-eabi/7.3.1/thumb/v7-m\libgcc.a(_arm_cmpsf2.o)
 .debug_frame   0x000000000000097c       0x24 c:/st/stm32cubeide_1.4.0/stm32cubeide/plugins/com.st.stm32cube.ide.mcu.externaltools.gnu-tools-for-stm32.7-2018-q2-update.win32_1.4.0.202007081208/tools/bin/../lib/gcc/arm-none-eabi/7.3.1/thumb/v7-m\libgcc.a(_arm_fixsfsi.o)
