
Memory Configuration

Name             Origin             Length             Attributes
Mem              0x00000000         0x04000000         xrw
*default*        0x00000000         0xffffffff

Linker script and memory map

                0x00010000                . = 0x10000

.startup        0x00010000       0x10
 startup.o(.text)
 .text          0x00010000       0x10 startup.o
                0x00010000                reset

.text           0x00010010       0x90
 *(.text)
 .text          0x00010010       0x1c app.o
                0x00010010                main
 .text          0x0001002c       0x58 uart.o
                0x0001002c                Uart_Send_String
 .text          0x00010084       0x1c app.o
 *(.rodata)

.glue_7         0x000100a0        0x0
 .glue_7        0x000100a0        0x0 linker stubs

.glue_7t        0x000100a0        0x0
 .glue_7t       0x000100a0        0x0 linker stubs

.vfp11_veneer   0x000100a0        0x0
 .vfp11_veneer  0x000100a0        0x0 linker stubs

.v4_bx          0x000100a0        0x0
 .v4_bx         0x000100a0        0x0 linker stubs

.iplt           0x000100a0        0x0
 .iplt          0x000100a0        0x0 startup.o

.rel.dyn        0x000100a0        0x0
 .rel.iplt      0x000100a0        0x0 startup.o

.data           0x000100a0       0xc8
 *(.data)
 .data          0x000100a0        0x0 startup.o
 .data          0x000100a0       0x64 app.o
                0x000100a0                string_
 .data          0x00010104        0x0 uart.o
 .data          0x00010104       0x64 app.o

.igot.plt       0x00010168        0x0
 .igot.plt      0x00010168        0x0 startup.o

.bss            0x00010168        0x0
 *(.bss)
 .bss           0x00010168        0x0 startup.o
 .bss           0x00010168        0x0 app.o
 .bss           0x00010168        0x0 uart.o
 .bss           0x00010168        0x0 app.o
 *(COMMON)
                0x00020168                . = (. + 0x10000)
                0x00020168                stack_top = .
LOAD app.o
LOAD uart.o
LOAD app.o
LOAD startup.o
OUTPUT(belal.elf elf32-littlearm)
LOAD linker stubs

.ARM.attributes
                0x00000000       0x2e
 .ARM.attributes
                0x00000000       0x22 startup.o
 .ARM.attributes
                0x00000022       0x2c app.o
 .ARM.attributes
                0x0000004e       0x2c uart.o
 .ARM.attributes
                0x0000007a       0x2c app.o

.comment        0x00000000       0x49
 .comment       0x00000000       0x49 app.o
                                 0x4a (size before relaxing)
 .comment       0x00000049       0x4a uart.o
 .comment       0x00000049       0x4a app.o

.debug_line     0x00000000       0xfe
 .debug_line    0x00000000       0x3a startup.o
 .debug_line    0x0000003a       0x3b app.o
 .debug_line    0x00000075       0x4e uart.o
 .debug_line    0x000000c3       0x3b app.o

.debug_info     0x00000000      0x14f
 .debug_info    0x00000000       0x26 startup.o
 .debug_info    0x00000026       0x68 app.o
 .debug_info    0x0000008e       0x59 uart.o
 .debug_info    0x000000e7       0x68 app.o

.debug_abbrev   0x00000000      0x125
 .debug_abbrev  0x00000000       0x14 startup.o
 .debug_abbrev  0x00000014       0x5e app.o
 .debug_abbrev  0x00000072       0x55 uart.o
 .debug_abbrev  0x000000c7       0x5e app.o

.debug_aranges  0x00000000       0x80
 .debug_aranges
                0x00000000       0x20 startup.o
 .debug_aranges
                0x00000020       0x20 app.o
 .debug_aranges
                0x00000040       0x20 uart.o
 .debug_aranges
                0x00000060       0x20 app.o

.debug_str      0x00000000      0x12a
 .debug_str     0x00000000       0x79 startup.o
 .debug_str     0x00000079       0x8b app.o
                                 0xec (size before relaxing)
 .debug_str     0x00000104       0x26 uart.o
                                 0xf2 (size before relaxing)
 .debug_str     0x0000012a       0xec app.o

.debug_frame    0x00000000       0x88
 .debug_frame   0x00000000       0x2c app.o
 .debug_frame   0x0000002c       0x30 uart.o
 .debug_frame   0x0000005c       0x2c app.o
